---
source: cubesql/src/compile/test/test_introspection.rs
expression: "execute_query(\"SELECT\\n          n.nspname || '.' || c.relname AS \\\"table_name\\\",\\n          a.attname AS \\\"column_name\\\",\\n          format_type(a.atttypid, a.atttypmod) AS \\\"data_type\\\"\\n        FROM pg_namespace n,\\n             pg_class c,\\n             pg_attribute a\\n        WHERE n.oid = c.relnamespace\\n          AND c.oid = a.attrelid\\n          AND a.attnum > 0\\n          AND NOT a.attisdropped\\n          AND c.relname IN (SELECT table_name\\nFROM information_schema.tables\\nWHERE (table_type = 'BASE TABLE' OR table_type = 'VIEW')\\n  AND table_schema NOT IN ('pg_catalog', 'information_schema')\\n  AND has_schema_privilege(table_schema, 'USAGE'::text)\\n)\\n\n                /* Added to avoid random output order and validate snapshot */\n                order by table_name, column_name;\".to_string(),\nDatabaseProtocol::PostgreSQL).await?"
---
+----------------------------------+--------------------+-----------------------------+
| table_name                       | column_name        | data_type                   |
+----------------------------------+--------------------+-----------------------------+
| public.KibanaSampleDataEcommerce | __cubeJoinField    | text                        |
| public.KibanaSampleDataEcommerce | __user             | text                        |
| public.KibanaSampleDataEcommerce | avgPrice           | numeric                     |
| public.KibanaSampleDataEcommerce | count              | bigint                      |
| public.KibanaSampleDataEcommerce | countDistinct      | bigint                      |
| public.KibanaSampleDataEcommerce | customer_gender    | text                        |
| public.KibanaSampleDataEcommerce | has_subscription   | boolean                     |
| public.KibanaSampleDataEcommerce | id                 | numeric                     |
| public.KibanaSampleDataEcommerce | is_female          | boolean                     |
| public.KibanaSampleDataEcommerce | is_male            | boolean                     |
| public.KibanaSampleDataEcommerce | last_mod           | timestamp without time zone |
| public.KibanaSampleDataEcommerce | maxPrice           | numeric                     |
| public.KibanaSampleDataEcommerce | minPrice           | numeric                     |
| public.KibanaSampleDataEcommerce | notes              | text                        |
| public.KibanaSampleDataEcommerce | order_date         | timestamp without time zone |
| public.KibanaSampleDataEcommerce | sumPrice           | numeric                     |
| public.KibanaSampleDataEcommerce | taxful_total_price | numeric                     |
| public.Logs                      | __cubeJoinField    | text                        |
| public.Logs                      | __user             | text                        |
| public.Logs                      | agentCount         | bigint                      |
| public.Logs                      | agentCountApprox   | bigint                      |
| public.Logs                      | content            | text                        |
| public.Logs                      | id                 | numeric                     |
| public.Logs                      | read               | boolean                     |
| public.MultiTypeCube             | __cubeJoinField    | text                        |
| public.MultiTypeCube             | __user             | text                        |
| public.MultiTypeCube             | avgPrice           | numeric                     |
| public.MultiTypeCube             | count              | bigint                      |
| public.MultiTypeCube             | countDistinct      | bigint                      |
| public.MultiTypeCube             | dim_date0          | timestamp without time zone |
| public.MultiTypeCube             | dim_date1          | timestamp without time zone |
| public.MultiTypeCube             | dim_date2          | timestamp without time zone |
| public.MultiTypeCube             | dim_date3          | timestamp without time zone |
| public.MultiTypeCube             | dim_date4          | timestamp without time zone |
| public.MultiTypeCube             | dim_date5          | timestamp without time zone |
| public.MultiTypeCube             | dim_date6          | timestamp without time zone |
| public.MultiTypeCube             | dim_date7          | timestamp without time zone |
| public.MultiTypeCube             | dim_date8          | timestamp without time zone |
| public.MultiTypeCube             | dim_date9          | timestamp without time zone |
| public.MultiTypeCube             | dim_num0           | numeric                     |
| public.MultiTypeCube             | dim_num1           | numeric                     |
| public.MultiTypeCube             | dim_num2           | numeric                     |
| public.MultiTypeCube             | dim_num3           | numeric                     |
| public.MultiTypeCube             | dim_num4           | numeric                     |
| public.MultiTypeCube             | dim_num5           | numeric                     |
| public.MultiTypeCube             | dim_num6           | numeric                     |
| public.MultiTypeCube             | dim_num7           | numeric                     |
| public.MultiTypeCube             | dim_num8           | numeric                     |
| public.MultiTypeCube             | dim_num9           | numeric                     |
| public.MultiTypeCube             | dim_str0           | text                        |
| public.MultiTypeCube             | dim_str1           | text                        |
| public.MultiTypeCube             | dim_str2           | text                        |
| public.MultiTypeCube             | dim_str3           | text                        |
| public.MultiTypeCube             | dim_str4           | text                        |
| public.MultiTypeCube             | dim_str5           | text                        |
| public.MultiTypeCube             | dim_str6           | text                        |
| public.MultiTypeCube             | dim_str7           | text                        |
| public.MultiTypeCube             | dim_str8           | text                        |
| public.MultiTypeCube             | dim_str9           | text                        |
| public.MultiTypeCube             | maxPrice           | numeric                     |
| public.MultiTypeCube             | measure_date0      | numeric                     |
| public.MultiTypeCube             | measure_date1      | numeric                     |
| public.MultiTypeCube             | measure_date2      | numeric                     |
| public.MultiTypeCube             | measure_date3      | numeric                     |
| public.MultiTypeCube             | measure_date4      | numeric                     |
| public.MultiTypeCube             | measure_date5      | numeric                     |
| public.MultiTypeCube             | measure_date6      | numeric                     |
| public.MultiTypeCube             | measure_date7      | numeric                     |
| public.MultiTypeCube             | measure_date8      | numeric                     |
| public.MultiTypeCube             | measure_date9      | numeric                     |
| public.MultiTypeCube             | measure_num0       | numeric                     |
| public.MultiTypeCube             | measure_num1       | numeric                     |
| public.MultiTypeCube             | measure_num2       | numeric                     |
| public.MultiTypeCube             | measure_num3       | numeric                     |
| public.MultiTypeCube             | measure_num4       | numeric                     |
| public.MultiTypeCube             | measure_num5       | numeric                     |
| public.MultiTypeCube             | measure_num6       | numeric                     |
| public.MultiTypeCube             | measure_num7       | numeric                     |
| public.MultiTypeCube             | measure_num8       | numeric                     |
| public.MultiTypeCube             | measure_num9       | numeric                     |
| public.MultiTypeCube             | measure_str0       | numeric                     |
| public.MultiTypeCube             | measure_str1       | numeric                     |
| public.MultiTypeCube             | measure_str2       | numeric                     |
| public.MultiTypeCube             | measure_str3       | numeric                     |
| public.MultiTypeCube             | measure_str4       | numeric                     |
| public.MultiTypeCube             | measure_str5       | numeric                     |
| public.MultiTypeCube             | measure_str6       | numeric                     |
| public.MultiTypeCube             | measure_str7       | numeric                     |
| public.MultiTypeCube             | measure_str8       | numeric                     |
| public.MultiTypeCube             | measure_str9       | numeric                     |
| public.MultiTypeCube             | minPrice           | numeric                     |
| public.NumberCube                | __cubeJoinField    | text                        |
| public.NumberCube                | __user             | text                        |
| public.NumberCube                | someNumber         | numeric                     |
| public.WideCube                  | __cubeJoinField    | text                        |
| public.WideCube                  | __user             | text                        |
| public.WideCube                  | avgPrice           | numeric                     |
| public.WideCube                  | count              | bigint                      |
| public.WideCube                  | countDistinct      | bigint                      |
| public.WideCube                  | dim0               | numeric                     |
| public.WideCube                  | dim1               | numeric                     |
| public.WideCube                  | dim10              | numeric                     |
| public.WideCube                  | dim11              | numeric                     |
| public.WideCube                  | dim12              | numeric                     |
| public.WideCube                  | dim13              | numeric                     |
| public.WideCube                  | dim14              | numeric                     |
| public.WideCube                  | dim15              | numeric                     |
| public.WideCube                  | dim16              | numeric                     |
| public.WideCube                  | dim17              | numeric                     |
| public.WideCube                  | dim18              | numeric                     |
| public.WideCube                  | dim19              | numeric                     |
| public.WideCube                  | dim2               | numeric                     |
| public.WideCube                  | dim20              | numeric                     |
| public.WideCube                  | dim21              | numeric                     |
| public.WideCube                  | dim22              | numeric                     |
| public.WideCube                  | dim23              | numeric                     |
| public.WideCube                  | dim24              | numeric                     |
| public.WideCube                  | dim25              | numeric                     |
| public.WideCube                  | dim26              | numeric                     |
| public.WideCube                  | dim27              | numeric                     |
| public.WideCube                  | dim28              | numeric                     |
| public.WideCube                  | dim29              | numeric                     |
| public.WideCube                  | dim3               | numeric                     |
| public.WideCube                  | dim30              | numeric                     |
| public.WideCube                  | dim31              | numeric                     |
| public.WideCube                  | dim32              | numeric                     |
| public.WideCube                  | dim33              | numeric                     |
| public.WideCube                  | dim34              | numeric                     |
| public.WideCube                  | dim35              | numeric                     |
| public.WideCube                  | dim36              | numeric                     |
| public.WideCube                  | dim37              | numeric                     |
| public.WideCube                  | dim38              | numeric                     |
| public.WideCube                  | dim39              | numeric                     |
| public.WideCube                  | dim4               | numeric                     |
| public.WideCube                  | dim40              | numeric                     |
| public.WideCube                  | dim41              | numeric                     |
| public.WideCube                  | dim42              | numeric                     |
| public.WideCube                  | dim43              | numeric                     |
| public.WideCube                  | dim44              | numeric                     |
| public.WideCube                  | dim45              | numeric                     |
| public.WideCube                  | dim46              | numeric                     |
| public.WideCube                  | dim47              | numeric                     |
| public.WideCube                  | dim48              | numeric                     |
| public.WideCube                  | dim49              | numeric                     |
| public.WideCube                  | dim5               | numeric                     |
| public.WideCube                  | dim50              | numeric                     |
| public.WideCube                  | dim51              | numeric                     |
| public.WideCube                  | dim52              | numeric                     |
| public.WideCube                  | dim53              | numeric                     |
| public.WideCube                  | dim54              | numeric                     |
| public.WideCube                  | dim55              | numeric                     |
| public.WideCube                  | dim56              | numeric                     |
| public.WideCube                  | dim57              | numeric                     |
| public.WideCube                  | dim58              | numeric                     |
| public.WideCube                  | dim59              | numeric                     |
| public.WideCube                  | dim6               | numeric                     |
| public.WideCube                  | dim60              | numeric                     |
| public.WideCube                  | dim61              | numeric                     |
| public.WideCube                  | dim62              | numeric                     |
| public.WideCube                  | dim63              | numeric                     |
| public.WideCube                  | dim64              | numeric                     |
| public.WideCube                  | dim65              | numeric                     |
| public.WideCube                  | dim66              | numeric                     |
| public.WideCube                  | dim67              | numeric                     |
| public.WideCube                  | dim68              | numeric                     |
| public.WideCube                  | dim69              | numeric                     |
| public.WideCube                  | dim7               | numeric                     |
| public.WideCube                  | dim70              | numeric                     |
| public.WideCube                  | dim71              | numeric                     |
| public.WideCube                  | dim72              | numeric                     |
| public.WideCube                  | dim73              | numeric                     |
| public.WideCube                  | dim74              | numeric                     |
| public.WideCube                  | dim75              | numeric                     |
| public.WideCube                  | dim76              | numeric                     |
| public.WideCube                  | dim77              | numeric                     |
| public.WideCube                  | dim78              | numeric                     |
| public.WideCube                  | dim79              | numeric                     |
| public.WideCube                  | dim8               | numeric                     |
| public.WideCube                  | dim80              | numeric                     |
| public.WideCube                  | dim81              | numeric                     |
| public.WideCube                  | dim82              | numeric                     |
| public.WideCube                  | dim83              | numeric                     |
| public.WideCube                  | dim84              | numeric                     |
| public.WideCube                  | dim85              | numeric                     |
| public.WideCube                  | dim86              | numeric                     |
| public.WideCube                  | dim87              | numeric                     |
| public.WideCube                  | dim88              | numeric                     |
| public.WideCube                  | dim89              | numeric                     |
| public.WideCube                  | dim9               | numeric                     |
| public.WideCube                  | dim90              | numeric                     |
| public.WideCube                  | dim91              | numeric                     |
| public.WideCube                  | dim92              | numeric                     |
| public.WideCube                  | dim93              | numeric                     |
| public.WideCube                  | dim94              | numeric                     |
| public.WideCube                  | dim95              | numeric                     |
| public.WideCube                  | dim96              | numeric                     |
| public.WideCube                  | dim97              | numeric                     |
| public.WideCube                  | dim98              | numeric                     |
| public.WideCube                  | dim99              | numeric                     |
| public.WideCube                  | maxPrice           | numeric                     |
| public.WideCube                  | measure0           | numeric                     |
| public.WideCube                  | measure1           | numeric                     |
| public.WideCube                  | measure10          | numeric                     |
| public.WideCube                  | measure11          | numeric                     |
| public.WideCube                  | measure12          | numeric                     |
| public.WideCube                  | measure13          | numeric                     |
| public.WideCube                  | measure14          | numeric                     |
| public.WideCube                  | measure15          | numeric                     |
| public.WideCube                  | measure16          | numeric                     |
| public.WideCube                  | measure17          | numeric                     |
| public.WideCube                  | measure18          | numeric                     |
| public.WideCube                  | measure19          | numeric                     |
| public.WideCube                  | measure2           | numeric                     |
| public.WideCube                  | measure20          | numeric                     |
| public.WideCube                  | measure21          | numeric                     |
| public.WideCube                  | measure22          | numeric                     |
| public.WideCube                  | measure23          | numeric                     |
| public.WideCube                  | measure24          | numeric                     |
| public.WideCube                  | measure25          | numeric                     |
| public.WideCube                  | measure26          | numeric                     |
| public.WideCube                  | measure27          | numeric                     |
| public.WideCube                  | measure28          | numeric                     |
| public.WideCube                  | measure29          | numeric                     |
| public.WideCube                  | measure3           | numeric                     |
| public.WideCube                  | measure30          | numeric                     |
| public.WideCube                  | measure31          | numeric                     |
| public.WideCube                  | measure32          | numeric                     |
| public.WideCube                  | measure33          | numeric                     |
| public.WideCube                  | measure34          | numeric                     |
| public.WideCube                  | measure35          | numeric                     |
| public.WideCube                  | measure36          | numeric                     |
| public.WideCube                  | measure37          | numeric                     |
| public.WideCube                  | measure38          | numeric                     |
| public.WideCube                  | measure39          | numeric                     |
| public.WideCube                  | measure4           | numeric                     |
| public.WideCube                  | measure40          | numeric                     |
| public.WideCube                  | measure41          | numeric                     |
| public.WideCube                  | measure42          | numeric                     |
| public.WideCube                  | measure43          | numeric                     |
| public.WideCube                  | measure44          | numeric                     |
| public.WideCube                  | measure45          | numeric                     |
| public.WideCube                  | measure46          | numeric                     |
| public.WideCube                  | measure47          | numeric                     |
| public.WideCube                  | measure48          | numeric                     |
| public.WideCube                  | measure49          | numeric                     |
| public.WideCube                  | measure5           | numeric                     |
| public.WideCube                  | measure50          | numeric                     |
| public.WideCube                  | measure51          | numeric                     |
| public.WideCube                  | measure52          | numeric                     |
| public.WideCube                  | measure53          | numeric                     |
| public.WideCube                  | measure54          | numeric                     |
| public.WideCube                  | measure55          | numeric                     |
| public.WideCube                  | measure56          | numeric                     |
| public.WideCube                  | measure57          | numeric                     |
| public.WideCube                  | measure58          | numeric                     |
| public.WideCube                  | measure59          | numeric                     |
| public.WideCube                  | measure6           | numeric                     |
| public.WideCube                  | measure60          | numeric                     |
| public.WideCube                  | measure61          | numeric                     |
| public.WideCube                  | measure62          | numeric                     |
| public.WideCube                  | measure63          | numeric                     |
| public.WideCube                  | measure64          | numeric                     |
| public.WideCube                  | measure65          | numeric                     |
| public.WideCube                  | measure66          | numeric                     |
| public.WideCube                  | measure67          | numeric                     |
| public.WideCube                  | measure68          | numeric                     |
| public.WideCube                  | measure69          | numeric                     |
| public.WideCube                  | measure7           | numeric                     |
| public.WideCube                  | measure70          | numeric                     |
| public.WideCube                  | measure71          | numeric                     |
| public.WideCube                  | measure72          | numeric                     |
| public.WideCube                  | measure73          | numeric                     |
| public.WideCube                  | measure74          | numeric                     |
| public.WideCube                  | measure75          | numeric                     |
| public.WideCube                  | measure76          | numeric                     |
| public.WideCube                  | measure77          | numeric                     |
| public.WideCube                  | measure78          | numeric                     |
| public.WideCube                  | measure79          | numeric                     |
| public.WideCube                  | measure8           | numeric                     |
| public.WideCube                  | measure80          | numeric                     |
| public.WideCube                  | measure81          | numeric                     |
| public.WideCube                  | measure82          | numeric                     |
| public.WideCube                  | measure83          | numeric                     |
| public.WideCube                  | measure84          | numeric                     |
| public.WideCube                  | measure85          | numeric                     |
| public.WideCube                  | measure86          | numeric                     |
| public.WideCube                  | measure87          | numeric                     |
| public.WideCube                  | measure88          | numeric                     |
| public.WideCube                  | measure89          | numeric                     |
| public.WideCube                  | measure9           | numeric                     |
| public.WideCube                  | measure90          | numeric                     |
| public.WideCube                  | measure91          | numeric                     |
| public.WideCube                  | measure92          | numeric                     |
| public.WideCube                  | measure93          | numeric                     |
| public.WideCube                  | measure94          | numeric                     |
| public.WideCube                  | measure95          | numeric                     |
| public.WideCube                  | measure96          | numeric                     |
| public.WideCube                  | measure97          | numeric                     |
| public.WideCube                  | measure98          | numeric                     |
| public.WideCube                  | measure99          | numeric                     |
| public.WideCube                  | minPrice           | numeric                     |
+----------------------------------+--------------------+-----------------------------+
