---
source: cubesql/src/compile/test/test_introspection.rs
expression: "execute_query(r#\"\n            SELECT *\n            FROM pg_operator\n            ORDER BY oid\n            \"#.to_string(),\nDatabaseProtocol::PostgreSQL).await?"
---
+-----+---------+--------------+----------+---------+-------------+------------+---------+----------+-----------+--------+-----------+---------+---------+---------+------+
| oid | oprname | oprnamespace | oprowner | oprkind | oprcanmerge | oprcanhash | oprleft | oprright | oprresult | oprcom | oprnegate | oprcode | oprrest | oprjoin | xmin |
+-----+---------+--------------+----------+---------+-------------+------------+---------+----------+-----------+--------+-----------+---------+---------+---------+------+
+-----+---------+--------------+----------+---------+-------------+------------+---------+----------+-----------+--------+-----------+---------+---------+---------+------+
