---
source: cubesql/src/compile/test/test_udfs.rs
expression: "execute_query(\"select pg_catalog.pg_get_constraintdef(r.oid, true) from pg_catalog.pg_constraint r;\".to_string(),\nDatabaseProtocol::PostgreSQL).await?"
---
+-------------------------------------------+
| pg_get_constraintdef(r.oid,Boolean(true)) |
+-------------------------------------------+
+-------------------------------------------+
