---
source: cubesql/src/compile/test/test_udfs.rs
expression: "execute_query(\"SELECT\n                    oid,\n                    relname,\n                    pg_total_relation_size(oid) relsize\n                FROM pg_class\n                ORDER BY oid ASC\n                \".to_string(),\nDatabaseProtocol::PostgreSQL).await?"
---
+-------+---------------------------+---------+
| oid   | relname                   | relsize |
+-------+---------------------------+---------+
| 1259  | pg_class                  | 8192    |
| 18000 | KibanaSampleDataEcommerce | 8192    |
| 18020 | Logs                      | 8192    |
| 18030 | NumberCube                | 8192    |
| 18036 | WideCube                  | 8192    |
| 18246 | MultiTypeCube             | 8192    |
+-------+---------------------------+---------+
