---
source: cubesql/src/compile/mod.rs
expression: "execute_query(\"SELECT * FROM pg_catalog.pg_description\".to_string(),\n              DatabaseProtocol::PostgreSQL).await?"
---
+--------+----------+----------+-------------+
| objoid | classoid | objsubid | description |
+--------+----------+----------+-------------+
+--------+----------+----------+-------------+
