---
source: cubesql/src/compile/mod.rs
expression: "execute_query(\"SELECT * FROM pg_catalog.pg_am\".to_string(),\nDatabaseProtocol::PostgreSQL).await?"
---
+-----+--------+-----------+--------+------+
| oid | amname | amhandler | amtype | xmin |
+-----+--------+-----------+--------+------+
+-----+--------+-----------+--------+------+
