---
source: cubesql/src/compile/mod.rs
assertion_line: 13491
expression: "execute_query(\"select pg_class.oid as oid from pg_class group by pg_class.oid order by pg_class.oid asc\".to_string(),\n            DatabaseProtocol::PostgreSQL).await?"
---
+-------+
| oid   |
+-------+
| 18000 |
| 18019 |
| 18029 |
| 18035 |
+-------+
