---
source: cubesql/src/compile/mod.rs
assertion_line: 7187
expression: "execute_query(\"SELECT * FROM information_schema.columns\".to_string(),\n            DatabaseProtocol::PostgreSQL).await?"
---
+---------------+--------------+---------------------------+--------------------+------------------+----------------+-------------+-----------------------------+--------------------------+------------------------+-------------------+-------------------------+---------------+--------------------+---------------+--------------------+-----------------------+----------------------+--------------------+-------------------+------------------+----------------+----------------+---------------+-------------+-------------+------------+-----------+---------------+--------------+------------+---------------------+----------------+---------------------+-------------+---------------------+----------------+--------------------+------------------+------------------+----------------+--------------+-----------------------+--------------+
| table_catalog | table_schema | table_name                | column_name        | ordinal_position | column_default | is_nullable | data_type                   | character_maximum_length | character_octet_length | numeric_precision | numeric_precision_radix | numeric_scale | datetime_precision | interval_type | interval_precision | character_set_catalog | character_set_schema | character_set_name | collation_catalog | collation_schema | collation_name | domain_catalog | domain_schema | domain_name | udt_catalog | udt_schema | udt_name  | scope_catalog | scope_schema | scope_name | maximum_cardinality | dtd_identifier | is_self_referencing | is_identity | identity_generation | identity_start | identity_increment | identity_maximum | identity_minimum | identity_cycle | is_generated | generation_expression | is_updatable |
+---------------+--------------+---------------------------+--------------------+------------------+----------------+-------------+-----------------------------+--------------------------+------------------------+-------------------+-------------------------+---------------+--------------------+---------------+--------------------+-----------------------+----------------------+--------------------+-------------------+------------------+----------------+----------------+---------------+-------------+-------------+------------+-----------+---------------+--------------+------------+---------------------+----------------+---------------------+-------------+---------------------+----------------+--------------------+------------------+------------------+----------------+--------------+-----------------------+--------------+
| db            | public       | KibanaSampleDataEcommerce | count              | 1                |                | NO          | bigint                      | NULL                     | NULL                   | 64                | 2                       | 0             | NULL               |               |                    |                       |                      |                    |                   |                  |                | NULL           | NULL          | NULL        | db          | pg_catalog | int8      |               |              |            | 0                   | 0              | NO                  | NO          |                     |                |                    |                  |                  | NO             | NEVER        |                       | YES          |
| db            | public       | KibanaSampleDataEcommerce | maxPrice           | 2                |                | NO          | numeric                     | NULL                     | NULL                   | NULL              | 10                      | NULL          | NULL               |               |                    |                       |                      |                    |                   |                  |                | NULL           | NULL          | NULL        | db          | pg_catalog | numeric   |               |              |            | 0                   | 0              | NO                  | NO          |                     |                |                    |                  |                  | NO             | NEVER        |                       | YES          |
| db            | public       | KibanaSampleDataEcommerce | minPrice           | 3                |                | NO          | numeric                     | NULL                     | NULL                   | NULL              | 10                      | NULL          | NULL               |               |                    |                       |                      |                    |                   |                  |                | NULL           | NULL          | NULL        | db          | pg_catalog | numeric   |               |              |            | 0                   | 0              | NO                  | NO          |                     |                |                    |                  |                  | NO             | NEVER        |                       | YES          |
| db            | public       | KibanaSampleDataEcommerce | avgPrice           | 4                |                | NO          | numeric                     | NULL                     | NULL                   | NULL              | 10                      | NULL          | NULL               |               |                    |                       |                      |                    |                   |                  |                | NULL           | NULL          | NULL        | db          | pg_catalog | numeric   |               |              |            | 0                   | 0              | NO                  | NO          |                     |                |                    |                  |                  | NO             | NEVER        |                       | YES          |
| db            | public       | KibanaSampleDataEcommerce | order_date         | 5                |                | YES         | timestamp without time zone | NULL                     | NULL                   | NULL              | NULL                    | NULL          | 6                  |               |                    |                       |                      |                    |                   |                  |                | NULL           | NULL          | NULL        | db          | pg_catalog | timestamp |               |              |            | 0                   | 0              | NO                  | NO          |                     |                |                    |                  |                  | NO             | NEVER        |                       | YES          |
| db            | public       | KibanaSampleDataEcommerce | customer_gender    | 6                |                | YES         | text                        | NULL                     | 1073741824             | NULL              | NULL                    | NULL          | NULL               |               |                    |                       |                      |                    |                   |                  |                | NULL           | NULL          | NULL        | db          | pg_catalog | text      |               |              |            | 0                   | 0              | NO                  | NO          |                     |                |                    |                  |                  | NO             | NEVER        |                       | YES          |
| db            | public       | KibanaSampleDataEcommerce | taxful_total_price | 7                |                | YES         | numeric                     | NULL                     | NULL                   | NULL              | 10                      | NULL          | NULL               |               |                    |                       |                      |                    |                   |                  |                | NULL           | NULL          | NULL        | db          | pg_catalog | numeric   |               |              |            | 0                   | 0              | NO                  | NO          |                     |                |                    |                  |                  | NO             | NEVER        |                       | YES          |
| db            | public       | KibanaSampleDataEcommerce | has_subscription   | 8                |                | YES         | boolean                     | NULL                     | NULL                   | NULL              | NULL                    | NULL          | NULL               |               |                    |                       |                      |                    |                   |                  |                | NULL           | NULL          | NULL        | db          | pg_catalog | bool      |               |              |            | 0                   | 0              | NO                  | NO          |                     |                |                    |                  |                  | NO             | NEVER        |                       | YES          |
| db            | public       | KibanaSampleDataEcommerce | is_male            | 9                |                | NO          | boolean                     | NULL                     | NULL                   | NULL              | NULL                    | NULL          | NULL               |               |                    |                       |                      |                    |                   |                  |                | NULL           | NULL          | NULL        | db          | pg_catalog | bool      |               |              |            | 0                   | 0              | NO                  | NO          |                     |                |                    |                  |                  | NO             | NEVER        |                       | YES          |
| db            | public       | KibanaSampleDataEcommerce | is_female          | 10               |                | NO          | boolean                     | NULL                     | NULL                   | NULL              | NULL                    | NULL          | NULL               |               |                    |                       |                      |                    |                   |                  |                | NULL           | NULL          | NULL        | db          | pg_catalog | bool      |               |              |            | 0                   | 0              | NO                  | NO          |                     |                |                    |                  |                  | NO             | NEVER        |                       | YES          |
| db            | public       | KibanaSampleDataEcommerce | __user             | 11               |                | YES         | text                        | NULL                     | 1073741824             | NULL              | NULL                    | NULL          | NULL               |               |                    |                       |                      |                    |                   |                  |                | NULL           | NULL          | NULL        | db          | pg_catalog | text      |               |              |            | 0                   | 0              | NO                  | NO          |                     |                |                    |                  |                  | NO             | NEVER        |                       | YES          |
| db            | public       | Logs                      | agentCount         | 1                |                | NO          | bigint                      | NULL                     | NULL                   | 64                | 2                       | 0             | NULL               |               |                    |                       |                      |                    |                   |                  |                | NULL           | NULL          | NULL        | db          | pg_catalog | int8      |               |              |            | 0                   | 0              | NO                  | NO          |                     |                |                    |                  |                  | NO             | NEVER        |                       | YES          |
| db            | public       | Logs                      | agentCountApprox   | 2                |                | NO          | bigint                      | NULL                     | NULL                   | 64                | 2                       | 0             | NULL               |               |                    |                       |                      |                    |                   |                  |                | NULL           | NULL          | NULL        | db          | pg_catalog | int8      |               |              |            | 0                   | 0              | NO                  | NO          |                     |                |                    |                  |                  | NO             | NEVER        |                       | YES          |
| db            | public       | Logs                      | __user             | 3                |                | YES         | text                        | NULL                     | 1073741824             | NULL              | NULL                    | NULL          | NULL               |               |                    |                       |                      |                    |                   |                  |                | NULL           | NULL          | NULL        | db          | pg_catalog | text      |               |              |            | 0                   | 0              | NO                  | NO          |                     |                |                    |                  |                  | NO             | NEVER        |                       | YES          |
+---------------+--------------+---------------------------+--------------------+------------------+----------------+-------------+-----------------------------+--------------------------+------------------------+-------------------+-------------------------+---------------+--------------------+---------------+--------------------+-----------------------+----------------------+--------------------+-------------------+------------------+----------------+----------------+---------------+-------------+-------------+------------+-----------+---------------+--------------+------------+---------------------+----------------+---------------------+-------------+---------------------+----------------+--------------------+------------------+------------------+----------------+--------------+-----------------------+--------------+
