---
source: cubesql/src/compile/mod.rs
expression: "execute_query(\"show tables;\".to_string(), DatabaseProtocol::MySQL).await?"
---
+---------------------------+
| Tables_in_db              |
+---------------------------+
| KibanaSampleDataEcommerce |
| Logs                      |
| NumberCube                |
+---------------------------+
