---
source: cubesql/src/compile/mod.rs
expression: "execute_query(\"SELECT information_schema._pg_numeric_scale(1700, 50);\".to_string(),\n            DatabaseProtocol::PostgreSQL).await?"
---
+-------------------------------------------------------------+
| information_schema._pg_numeric_scale(Int64(1700),Int64(50)) |
+-------------------------------------------------------------+
| 46                                                          |
+-------------------------------------------------------------+
