---
source: cubesql/src/compile/mod.rs
expression: "execute_query(\"SELECT * FROM pg_catalog.pg_collation\".to_string(),\nDatabaseProtocol::PostgreSQL).await?"
---
+-----+-----------+---------------+-----------+--------------+---------------------+--------------+---------------+-------------+-----------+------------+--------------+-------------+
| oid | collname  | collnamespace | collowner | collprovider | collisdeterministic | collencoding | colliculocale | collcollate | collctype | colllocale | collicurules | collversion |
+-----+-----------+---------------+-----------+--------------+---------------------+--------------+---------------+-------------+-----------+------------+--------------+-------------+
| 100 | default   | 11            | 10        | d            | true                | -1           | NULL          | NULL        | NULL      | NULL       | NULL         | NULL        |
| 950 | C         | 11            | 10        | c            | true                | -1           | C             | C           | C         | NULL       | NULL         | NULL        |
| 951 | POSIX     | 11            | 10        | c            | true                | -1           | POSIX         | POSIX       | POSIX     | NULL       | NULL         | NULL        |
| 962 | usc_basic | 11            | 10        | c            | true                | 6            | C             | C           | C         | NULL       | NULL         | NULL        |
| 963 | unicode   | 11            | 10        | i            | true                | -1           | NULL          | NULL        | NULL      | und        | NULL         | 153.121     |
+-----+-----------+---------------+-----------+--------------+---------------------+--------------+---------------+-------------+-----------+------------+--------------+-------------+
