---
source: cubesql/src/compile/mod.rs
assertion_line: 6227
expression: "execute_query(\"SELECT * FROM pg_catalog.pg_proc\".to_string(),\n            DatabaseProtocol::PostgreSQL).await?"
---
+------+----------------------+--------------+----------+---------+---------+---------+-------------+------------+---------+-----------+--------------+-------------+-----------+-------------+-------------+----------+-----------------+------------+-------------+----------------+-------------+-------------+----------------+-------------+---------------------------+--------+------------+-----------+--------+
| oid  | proname              | pronamespace | proowner | prolang | procost | prorows | provariadic | prosupport | prokind | prosecdef | proleakproof | proisstrict | proretset | provolatile | proparallel | pronargs | pronargdefaults | prorettype | proargtypes | proallargtypes | proargmodes | proargnames | proargdefaults | protrftypes | prosrc                    | probin | prosqlbody | proconfig | proacl |
+------+----------------------+--------------+----------+---------+---------+---------+-------------+------------+---------+-----------+--------------+-------------+-----------+-------------+-------------+----------+-----------------+------------+-------------+----------------+-------------+-------------+----------------+-------------+---------------------------+--------+------------+-----------+--------+
| 89   | version              | 11           | 10       | 12      | 1       | 0       | 0           | -          | f       | false     | false        | true        | false     | s           | s           | 0        | 0               | 25         |             |                |             |             | NULL           | NULL        | pgsql_version             | NULL   | NULL       | NULL      | NULL   |
| 1191 | generate_subscripts  | 11           | 10       | 12      | 1       | 0       | 0           | -          | f       | false     | false        | true        | true      | i           | s           | 3        | 0               | 23         |             |                |             |             | NULL           | NULL        | generate_subscripts       | NULL   | NULL       | NULL      | NULL   |
| 1191 | generate_subscripts  | 11           | 10       | 12      | 1       | 0       | 0           | -          | f       | false     | false        | true        | true      | i           | s           | 3        | 0               | 23         |             |                |             |             | NULL           | NULL        | generate_subscripts       | NULL   | NULL       | NULL      | NULL   |
| 1192 | generate_subscripts  | 11           | 10       | 12      | 1       | 0       | 0           | -          | f       | false     | false        | true        | true      | i           | s           | 2        | 0               | 23         |             |                |             |             | NULL           | NULL        | generate_subscripts_nodir | NULL   | NULL       | NULL      | NULL   |
| 2331 | unnest               | 11           | 10       | 12      | 1       | 0       | 0           | -          | f       | false     | false        | true        | true      | i           | s           | 1        | 0               | 2283       |             |                |             |             | NULL           | NULL        | array_unnest              | NULL   | NULL       | NULL      | NULL   |
| 1081 | format_type          | 11           | 10       | 12      | 1       | 0       | 0           | -          | f       | false     | false        | false       | false     | s           | s           | 2        | 0               | 25         |             |                |             |             | NULL           | NULL        | format_type               | NULL   | NULL       | NULL      | NULL   |
| 1402 | current_schema       | 11           | 10       | 12      | 1       | 0       | 0           | -          | f       | false     | false        | true        | false     | s           | u           | 0        | 0               | 19         |             |                |             |             | NULL           | NULL        | current_schema            | NULL   | NULL       | NULL      | NULL   |
| 1387 | pg_get_constraintdef | 11           | 10       | 12      | 1       | 0       | 0           | -          | f       | false     | false        | true        | false     | s           | s           | 1        | 0               | 25         |             |                |             |             | NULL           | NULL        | pg_get_constraintdef      | NULL   | NULL       | NULL      | NULL   |
| 1716 | pg_get_expr          | 11           | 10       | 12      | 1       | 0       | 0           | -          | f       | false     | false        | true        | false     | s           | s           | 2        | 0               | 25         |             |                |             |             | NULL           | NULL        | pg_get_expr               | NULL   | NULL       | NULL      | NULL   |
| 2080 | pg_type_is_visible   | 11           | 10       | 12      | 1       | 0       | 0           | -          | f       | false     | false        | true        | false     | s           | s           | 1        | 0               | 16         |             |                |             |             | NULL           | NULL        | pg_type_is_visible        | NULL   | NULL       | NULL      | NULL   |
| 2115 | max                  | 11           | 10       | 12      | 1       | 0       | 0           | -          | a       | false     | false        | false       | false     | i           | s           | 1        | 0               | 20         |             |                |             |             | NULL           | NULL        | aggregate_dummy           | NULL   | NULL       | NULL      | NULL   |
| 2116 | max                  | 11           | 10       | 12      | 1       | 0       | 0           | -          | a       | false     | false        | false       | false     | i           | s           | 1        | 0               | 23         |             |                |             |             | NULL           | NULL        | aggregate_dummy           | NULL   | NULL       | NULL      | NULL   |
| 2117 | max                  | 11           | 10       | 12      | 1       | 0       | 0           | -          | a       | false     | false        | false       | false     | i           | s           | 1        | 0               | 21         |             |                |             |             | NULL           | NULL        | aggregate_dummy           | NULL   | NULL       | NULL      | NULL   |
| 2118 | max                  | 11           | 10       | 12      | 1       | 0       | 0           | -          | a       | false     | false        | false       | false     | i           | s           | 1        | 0               | 26         |             |                |             |             | NULL           | NULL        | aggregate_dummy           | NULL   | NULL       | NULL      | NULL   |
| 2119 | max                  | 11           | 10       | 12      | 1       | 0       | 0           | -          | a       | false     | false        | false       | false     | i           | s           | 1        | 0               | 700        |             |                |             |             | NULL           | NULL        | aggregate_dummy           | NULL   | NULL       | NULL      | NULL   |
| 2120 | max                  | 11           | 10       | 12      | 1       | 0       | 0           | -          | a       | false     | false        | false       | false     | i           | s           | 1        | 0               | 701        |             |                |             |             | NULL           | NULL        | aggregate_dummy           | NULL   | NULL       | NULL      | NULL   |
| 2122 | max                  | 11           | 10       | 12      | 1       | 0       | 0           | -          | a       | false     | false        | false       | false     | i           | s           | 1        | 0               | 1082       |             |                |             |             | NULL           | NULL        | aggregate_dummy           | NULL   | NULL       | NULL      | NULL   |
| 2123 | max                  | 11           | 10       | 12      | 1       | 0       | 0           | -          | a       | false     | false        | false       | false     | i           | s           | 1        | 0               | 1083       |             |                |             |             | NULL           | NULL        | aggregate_dummy           | NULL   | NULL       | NULL      | NULL   |
| 2124 | max                  | 11           | 10       | 12      | 1       | 0       | 0           | -          | a       | false     | false        | false       | false     | i           | s           | 1        | 0               | 1266       |             |                |             |             | NULL           | NULL        | aggregate_dummy           | NULL   | NULL       | NULL      | NULL   |
| 2125 | max                  | 11           | 10       | 12      | 1       | 0       | 0           | -          | a       | false     | false        | false       | false     | i           | s           | 1        | 0               | 790        |             |                |             |             | NULL           | NULL        | aggregate_dummy           | NULL   | NULL       | NULL      | NULL   |
| 2126 | max                  | 11           | 10       | 12      | 1       | 0       | 0           | -          | a       | false     | false        | false       | false     | i           | s           | 1        | 0               | 1114       |             |                |             |             | NULL           | NULL        | aggregate_dummy           | NULL   | NULL       | NULL      | NULL   |
| 2127 | max                  | 11           | 10       | 12      | 1       | 0       | 0           | -          | a       | false     | false        | false       | false     | i           | s           | 1        | 0               | 1184       |             |                |             |             | NULL           | NULL        | aggregate_dummy           | NULL   | NULL       | NULL      | NULL   |
| 2129 | max                  | 11           | 10       | 12      | 1       | 0       | 0           | -          | a       | false     | false        | false       | false     | i           | s           | 1        | 0               | 25         |             |                |             |             | NULL           | NULL        | aggregate_dummy           | NULL   | NULL       | NULL      | NULL   |
| 2130 | max                  | 11           | 10       | 12      | 1       | 0       | 0           | -          | a       | false     | false        | false       | false     | i           | s           | 1        | 0               | 1700       |             |                |             |             | NULL           | NULL        | aggregate_dummy           | NULL   | NULL       | NULL      | NULL   |
| 2150 | max                  | 11           | 10       | 12      | 1       | 0       | 0           | -          | a       | false     | false        | false       | false     | i           | s           | 1        | 0               | 2277       |             |                |             |             | NULL           | NULL        | aggregate_dummy           | NULL   | NULL       | NULL      | NULL   |
| 2244 | max                  | 11           | 10       | 12      | 1       | 0       | 0           | -          | a       | false     | false        | false       | false     | i           | s           | 1        | 0               | 1042       |             |                |             |             | NULL           | NULL        | aggregate_dummy           | NULL   | NULL       | NULL      | NULL   |
| 2797 | max                  | 11           | 10       | 12      | 1       | 0       | 0           | -          | a       | false     | false        | false       | false     | i           | s           | 1        | 0               | 27         |             |                |             |             | NULL           | NULL        | aggregate_dummy           | NULL   | NULL       | NULL      | NULL   |
| 3564 | max                  | 11           | 10       | 12      | 1       | 0       | 0           | -          | a       | false     | false        | false       | false     | i           | s           | 1        | 0               | 869        |             |                |             |             | NULL           | NULL        | aggregate_dummy           | NULL   | NULL       | NULL      | NULL   |
| 4189 | max                  | 11           | 10       | 12      | 1       | 0       | 0           | -          | a       | false     | false        | false       | false     | i           | s           | 1        | 0               | 3220       |             |                |             |             | NULL           | NULL        | aggregate_dummy           | NULL   | NULL       | NULL      | NULL   |
| 3526 | max                  | 11           | 10       | 12      | 1       | 0       | 0           | -          | a       | false     | false        | false       | false     | i           | s           | 1        | 0               | 3500       |             |                |             |             | NULL           | NULL        | aggregate_dummy           | NULL   | NULL       | NULL      | NULL   |
| 2508 | pg_get_constraintdef | 11           | 10       | 12      | 1       | 0       | 0           | -          | f       | false     | false        | true        | false     | s           | s           | 2        | 0               | 25         |             |                |             |             | NULL           | NULL        | pg_get_constraintdef_ext  | NULL   | NULL       | NULL      | NULL   |
| 2509 | pg_get_expr          | 11           | 10       | 12      | 1       | 0       | 0           | -          | f       | false     | false        | true        | false     | s           | s           | 3        | 0               | 25         |             |                |             |             | NULL           | NULL        | pg_get_expr_ext           | NULL   | NULL       | NULL      | NULL   |
| 3322 | unnest               | 11           | 10       | 12      | 1       | 0       | 0           | -          | f       | false     | false        | true        | true      | i           | s           | 1        | 0               | 2249       |             |                |             |             | NULL           | NULL        | tsvector_unnest           | NULL   | NULL       | NULL      | NULL   |
| 1293 | unnest               | 11           | 10       | 12      | 1       | 0       | 0           | -          | f       | false     | false        | true        | true      | i           | s           | 1        | 0               | 3831       |             |                |             |             | NULL           | NULL        | multirange_unnest         | NULL   | NULL       | NULL      | NULL   |
| 2400 | array_recv           | 11           | 10       | 12      | 1       | 0       | 0           | -          | f       | false     | false        | true        | false     | s           | s           | 3        | 0               | 2277       | 2281 26 23  |                |             |             | NULL           | NULL        | array_recv                | NULL   | NULL       | NULL      | NULL   |
| 2404 | int2recv             | 11           | 10       | 12      | 1       | 0       | 0           | -          | f       | false     | false        | true        | false     | s           | s           | 1        | 0               | 21         | 2281        |                |             |             | NULL           | NULL        | int2recv                  | NULL   | NULL       | NULL      | NULL   |
| 2406 | int4recv             | 11           | 10       | 12      | 1       | 0       | 0           | -          | f       | false     | false        | true        | false     | i           | s           | 1        | 0               | 23         | 2281        |                |             |             | NULL           | NULL        | int4recv                  | NULL   | NULL       | NULL      | NULL   |
| 2408 | int8recv             | 11           | 10       | 12      | 1       | 0       | 0           | -          | f       | false     | false        | true        | false     | i           | s           | 1        | 0               | 20         | 2281        |                |             |             | NULL           | NULL        | int8recv                  | NULL   | NULL       | NULL      | NULL   |
| 2414 | textrecv             | 11           | 10       | 12      | 1       | 0       | 0           | -          | f       | false     | false        | true        | false     | s           | s           | 1        | 0               | 25         | 2281        |                |             |             | NULL           | NULL        | textrecv                  | NULL   | NULL       | NULL      | NULL   |
| 2424 | float4recv           | 11           | 10       | 12      | 1       | 0       | 0           | -          | f       | false     | false        | true        | false     | i           | s           | 1        | 0               | 700        | 2281        |                |             |             | NULL           | NULL        | float4recv                | NULL   | NULL       | NULL      | NULL   |
| 2426 | float8recv           | 11           | 10       | 12      | 1       | 0       | 0           | -          | f       | false     | false        | true        | false     | i           | s           | 1        | 0               | 701        | 2281        |                |             |             | NULL           | NULL        | float8recv                | NULL   | NULL       | NULL      | NULL   |
| 2432 | varcharrecv          | 11           | 10       | 12      | 1       | 0       | 0           | -          | f       | false     | false        | true        | false     | s           | s           | 3        | 0               | 1043       | 2281 26 23  |                |             |             | NULL           | NULL        | varcharrecv               | NULL   | NULL       | NULL      | NULL   |
| 2460 | numeric_recv         | 11           | 10       | 12      | 1       | 0       | 0           | -          | f       | false     | false        | true        | false     | i           | s           | 3        | 0               | 1700       | 2281 26 23  |                |             |             | NULL           | NULL        | numeric_recv              | NULL   | NULL       | NULL      | NULL   |
| 2474 | timestamp_recv       | 11           | 10       | 12      | 1       | 0       | 0           | -          | f       | false     | false        | true        | false     | i           | s           | 3        | 0               | 1114       | 2281 26 23  |                |             |             | NULL           | NULL        | timestamp_recv            | NULL   | NULL       | NULL      | NULL   |
| 2436 | boolrecv             | 11           | 10       | 12      | 1       | 0       | 0           | -          | f       | false     | false        | true        | false     | s           | s           | 1        | 0               | 16         | 2281        |                |             |             | NULL           | NULL        | boolrecv                  | NULL   | NULL       | NULL      | NULL   |
| 2420 | oidvectorrecv        | 11           | 10       | 12      | 1       | 0       | 0           | -          | f       | false     | false        | true        | false     | i           | s           | 1        | 0               | 30         | 2281        |                |             |             | NULL           | NULL        | oidvectorrecv             | NULL   | NULL       | NULL      | NULL   |
+------+----------------------+--------------+----------+---------+---------+---------+-------------+------------+---------+-----------+--------------+-------------+-----------+-------------+-------------+----------+-----------------+------------+-------------+----------------+-------------+-------------+----------------+-------------+---------------------------+--------+------------+-----------+--------+
