---
source: cubesql/src/compile/mod.rs
expression: "execute_query(\"\n                SELECT\n                    attrelid,\n                    attname,\n                    pg_catalog.pg_get_expr(attname, attrelid) default\n                FROM pg_catalog.pg_attribute\n                ORDER BY\n                    attrelid ASC,\n                    attname ASC\n                ;\n                \".to_string(),\n            DatabaseProtocol::PostgreSQL).await?"
---
+----------+--------------------+---------+
| attrelid | attname            | default |
+----------+--------------------+---------+
| 18000    | __cubeJoinField    | NULL    |
| 18000    | __user             | NULL    |
| 18000    | avgPrice           | NULL    |
| 18000    | count              | NULL    |
| 18000    | countDistinct      | NULL    |
| 18000    | customer_gender    | NULL    |
| 18000    | has_subscription   | NULL    |
| 18000    | is_female          | NULL    |
| 18000    | is_male            | NULL    |
| 18000    | last_mod           | NULL    |
| 18000    | maxPrice           | NULL    |
| 18000    | minPrice           | NULL    |
| 18000    | notes              | NULL    |
| 18000    | order_date         | NULL    |
| 18000    | taxful_total_price | NULL    |
| 18018    | __cubeJoinField    | NULL    |
| 18018    | __user             | NULL    |
| 18018    | agentCount         | NULL    |
| 18018    | agentCountApprox   | NULL    |
| 18018    | content            | NULL    |
| 18018    | id                 | NULL    |
| 18018    | read               | NULL    |
| 18028    | __cubeJoinField    | NULL    |
| 18028    | __user             | NULL    |
| 18028    | someNumber         | NULL    |
| 18034    | __cubeJoinField    | NULL    |
| 18034    | __user             | NULL    |
| 18034    | avgPrice           | NULL    |
| 18034    | count              | NULL    |
| 18034    | countDistinct      | NULL    |
| 18034    | dim0               | NULL    |
| 18034    | dim1               | NULL    |
| 18034    | dim10              | NULL    |
| 18034    | dim11              | NULL    |
| 18034    | dim12              | NULL    |
| 18034    | dim13              | NULL    |
| 18034    | dim14              | NULL    |
| 18034    | dim15              | NULL    |
| 18034    | dim16              | NULL    |
| 18034    | dim17              | NULL    |
| 18034    | dim18              | NULL    |
| 18034    | dim19              | NULL    |
| 18034    | dim2               | NULL    |
| 18034    | dim20              | NULL    |
| 18034    | dim21              | NULL    |
| 18034    | dim22              | NULL    |
| 18034    | dim23              | NULL    |
| 18034    | dim24              | NULL    |
| 18034    | dim25              | NULL    |
| 18034    | dim26              | NULL    |
| 18034    | dim27              | NULL    |
| 18034    | dim28              | NULL    |
| 18034    | dim29              | NULL    |
| 18034    | dim3               | NULL    |
| 18034    | dim30              | NULL    |
| 18034    | dim31              | NULL    |
| 18034    | dim32              | NULL    |
| 18034    | dim33              | NULL    |
| 18034    | dim34              | NULL    |
| 18034    | dim35              | NULL    |
| 18034    | dim36              | NULL    |
| 18034    | dim37              | NULL    |
| 18034    | dim38              | NULL    |
| 18034    | dim39              | NULL    |
| 18034    | dim4               | NULL    |
| 18034    | dim40              | NULL    |
| 18034    | dim41              | NULL    |
| 18034    | dim42              | NULL    |
| 18034    | dim43              | NULL    |
| 18034    | dim44              | NULL    |
| 18034    | dim45              | NULL    |
| 18034    | dim46              | NULL    |
| 18034    | dim47              | NULL    |
| 18034    | dim48              | NULL    |
| 18034    | dim49              | NULL    |
| 18034    | dim5               | NULL    |
| 18034    | dim50              | NULL    |
| 18034    | dim51              | NULL    |
| 18034    | dim52              | NULL    |
| 18034    | dim53              | NULL    |
| 18034    | dim54              | NULL    |
| 18034    | dim55              | NULL    |
| 18034    | dim56              | NULL    |
| 18034    | dim57              | NULL    |
| 18034    | dim58              | NULL    |
| 18034    | dim59              | NULL    |
| 18034    | dim6               | NULL    |
| 18034    | dim60              | NULL    |
| 18034    | dim61              | NULL    |
| 18034    | dim62              | NULL    |
| 18034    | dim63              | NULL    |
| 18034    | dim64              | NULL    |
| 18034    | dim65              | NULL    |
| 18034    | dim66              | NULL    |
| 18034    | dim67              | NULL    |
| 18034    | dim68              | NULL    |
| 18034    | dim69              | NULL    |
| 18034    | dim7               | NULL    |
| 18034    | dim70              | NULL    |
| 18034    | dim71              | NULL    |
| 18034    | dim72              | NULL    |
| 18034    | dim73              | NULL    |
| 18034    | dim74              | NULL    |
| 18034    | dim75              | NULL    |
| 18034    | dim76              | NULL    |
| 18034    | dim77              | NULL    |
| 18034    | dim78              | NULL    |
| 18034    | dim79              | NULL    |
| 18034    | dim8               | NULL    |
| 18034    | dim80              | NULL    |
| 18034    | dim81              | NULL    |
| 18034    | dim82              | NULL    |
| 18034    | dim83              | NULL    |
| 18034    | dim84              | NULL    |
| 18034    | dim85              | NULL    |
| 18034    | dim86              | NULL    |
| 18034    | dim87              | NULL    |
| 18034    | dim88              | NULL    |
| 18034    | dim89              | NULL    |
| 18034    | dim9               | NULL    |
| 18034    | dim90              | NULL    |
| 18034    | dim91              | NULL    |
| 18034    | dim92              | NULL    |
| 18034    | dim93              | NULL    |
| 18034    | dim94              | NULL    |
| 18034    | dim95              | NULL    |
| 18034    | dim96              | NULL    |
| 18034    | dim97              | NULL    |
| 18034    | dim98              | NULL    |
| 18034    | dim99              | NULL    |
| 18034    | maxPrice           | NULL    |
| 18034    | measure0           | NULL    |
| 18034    | measure1           | NULL    |
| 18034    | measure10          | NULL    |
| 18034    | measure11          | NULL    |
| 18034    | measure12          | NULL    |
| 18034    | measure13          | NULL    |
| 18034    | measure14          | NULL    |
| 18034    | measure15          | NULL    |
| 18034    | measure16          | NULL    |
| 18034    | measure17          | NULL    |
| 18034    | measure18          | NULL    |
| 18034    | measure19          | NULL    |
| 18034    | measure2           | NULL    |
| 18034    | measure20          | NULL    |
| 18034    | measure21          | NULL    |
| 18034    | measure22          | NULL    |
| 18034    | measure23          | NULL    |
| 18034    | measure24          | NULL    |
| 18034    | measure25          | NULL    |
| 18034    | measure26          | NULL    |
| 18034    | measure27          | NULL    |
| 18034    | measure28          | NULL    |
| 18034    | measure29          | NULL    |
| 18034    | measure3           | NULL    |
| 18034    | measure30          | NULL    |
| 18034    | measure31          | NULL    |
| 18034    | measure32          | NULL    |
| 18034    | measure33          | NULL    |
| 18034    | measure34          | NULL    |
| 18034    | measure35          | NULL    |
| 18034    | measure36          | NULL    |
| 18034    | measure37          | NULL    |
| 18034    | measure38          | NULL    |
| 18034    | measure39          | NULL    |
| 18034    | measure4           | NULL    |
| 18034    | measure40          | NULL    |
| 18034    | measure41          | NULL    |
| 18034    | measure42          | NULL    |
| 18034    | measure43          | NULL    |
| 18034    | measure44          | NULL    |
| 18034    | measure45          | NULL    |
| 18034    | measure46          | NULL    |
| 18034    | measure47          | NULL    |
| 18034    | measure48          | NULL    |
| 18034    | measure49          | NULL    |
| 18034    | measure5           | NULL    |
| 18034    | measure50          | NULL    |
| 18034    | measure51          | NULL    |
| 18034    | measure52          | NULL    |
| 18034    | measure53          | NULL    |
| 18034    | measure54          | NULL    |
| 18034    | measure55          | NULL    |
| 18034    | measure56          | NULL    |
| 18034    | measure57          | NULL    |
| 18034    | measure58          | NULL    |
| 18034    | measure59          | NULL    |
| 18034    | measure6           | NULL    |
| 18034    | measure60          | NULL    |
| 18034    | measure61          | NULL    |
| 18034    | measure62          | NULL    |
| 18034    | measure63          | NULL    |
| 18034    | measure64          | NULL    |
| 18034    | measure65          | NULL    |
| 18034    | measure66          | NULL    |
| 18034    | measure67          | NULL    |
| 18034    | measure68          | NULL    |
| 18034    | measure69          | NULL    |
| 18034    | measure7           | NULL    |
| 18034    | measure70          | NULL    |
| 18034    | measure71          | NULL    |
| 18034    | measure72          | NULL    |
| 18034    | measure73          | NULL    |
| 18034    | measure74          | NULL    |
| 18034    | measure75          | NULL    |
| 18034    | measure76          | NULL    |
| 18034    | measure77          | NULL    |
| 18034    | measure78          | NULL    |
| 18034    | measure79          | NULL    |
| 18034    | measure8           | NULL    |
| 18034    | measure80          | NULL    |
| 18034    | measure81          | NULL    |
| 18034    | measure82          | NULL    |
| 18034    | measure83          | NULL    |
| 18034    | measure84          | NULL    |
| 18034    | measure85          | NULL    |
| 18034    | measure86          | NULL    |
| 18034    | measure87          | NULL    |
| 18034    | measure88          | NULL    |
| 18034    | measure89          | NULL    |
| 18034    | measure9           | NULL    |
| 18034    | measure90          | NULL    |
| 18034    | measure91          | NULL    |
| 18034    | measure92          | NULL    |
| 18034    | measure93          | NULL    |
| 18034    | measure94          | NULL    |
| 18034    | measure95          | NULL    |
| 18034    | measure96          | NULL    |
| 18034    | measure97          | NULL    |
| 18034    | measure98          | NULL    |
| 18034    | measure99          | NULL    |
| 18034    | minPrice           | NULL    |
+----------+--------------------+---------+
