---
source: cubesql/src/compile/mod.rs
expression: "execute_query(\"SELECT generate_series('2024-07-23 00:00:00'::timestamp, '2024-07-28 00:00:00'::timestamp);\".to_string(),\nDatabaseProtocol::PostgreSQL).await?"
---
+----------------------------------------------------------------------------------------------------------------------------------------------------+
| generate_series(CAST(Utf8("2024-07-23 00:00:00") AS Timestamp(Nanosecond, None)),CAST(Utf8("2024-07-28 00:00:00") AS Timestamp(Nanosecond, None))) |
+----------------------------------------------------------------------------------------------------------------------------------------------------+
| 2024-07-23T00:00:00.000                                                                                                                            |
| 2024-07-24T00:00:00.000                                                                                                                            |
| 2024-07-25T00:00:00.000                                                                                                                            |
| 2024-07-26T00:00:00.000                                                                                                                            |
| 2024-07-27T00:00:00.000                                                                                                                            |
| 2024-07-28T00:00:00.000                                                                                                                            |
+----------------------------------------------------------------------------------------------------------------------------------------------------+
