---
source: cubesql/src/compile/mod.rs
expression: "execute_query(\"SELECT * FROM pg_catalog.pg_stats\".to_string(),\nDatabaseProtocol::PostgreSQL).await?"
---
+------------+---------------------------+--------------------+-----------+-----------+-----------+------------+------------------+-------------------+------------------+-------------+-------------------+------------------------+----------------------+
| schemaname | tablename                 | attname            | inherited | null_frac | avg_width | n_distinct | most_common_vals | most_common_freqs | histogram_bounds | correlation | most_common_elems | most_common_elem_freqs | elem_count_histogram |
+------------+---------------------------+--------------------+-----------+-----------+-----------+------------+------------------+-------------------+------------------+-------------+-------------------+------------------------+----------------------+
| public     | KibanaSampleDataEcommerce | count              | false     | 0         | 8         | 0          | NULL             | NULL              | NULL             | NULL        | NULL              | NULL                   | NULL                 |
| public     | KibanaSampleDataEcommerce | maxPrice           | false     | 0         | 8         | 0          | NULL             | NULL              | NULL             | NULL        | NULL              | NULL                   | NULL                 |
| public     | KibanaSampleDataEcommerce | sumPrice           | false     | 0         | 8         | 0          | NULL             | NULL              | NULL             | NULL        | NULL              | NULL                   | NULL                 |
| public     | KibanaSampleDataEcommerce | minPrice           | false     | 0         | 8         | 0          | NULL             | NULL              | NULL             | NULL        | NULL              | NULL                   | NULL                 |
| public     | KibanaSampleDataEcommerce | avgPrice           | false     | 0         | 8         | 0          | NULL             | NULL              | NULL             | NULL        | NULL              | NULL                   | NULL                 |
| public     | KibanaSampleDataEcommerce | countDistinct      | false     | 0         | 8         | 0          | NULL             | NULL              | NULL             | NULL        | NULL              | NULL                   | NULL                 |
| public     | KibanaSampleDataEcommerce | id                 | false     | 0         | 8         | 0          | NULL             | NULL              | NULL             | NULL        | NULL              | NULL                   | NULL                 |
| public     | KibanaSampleDataEcommerce | order_date         | false     | 0         | 8         | 0          | NULL             | NULL              | NULL             | NULL        | NULL              | NULL                   | NULL                 |
| public     | KibanaSampleDataEcommerce | last_mod           | false     | 0         | 8         | 0          | NULL             | NULL              | NULL             | NULL        | NULL              | NULL                   | NULL                 |
| public     | KibanaSampleDataEcommerce | customer_gender    | false     | 0         | 64        | 0          | NULL             | NULL              | NULL             | NULL        | NULL              | NULL                   | NULL                 |
| public     | KibanaSampleDataEcommerce | notes              | false     | 0         | 64        | 0          | NULL             | NULL              | NULL             | NULL        | NULL              | NULL                   | NULL                 |
| public     | KibanaSampleDataEcommerce | taxful_total_price | false     | 0         | 8         | 0          | NULL             | NULL              | NULL             | NULL        | NULL              | NULL                   | NULL                 |
| public     | KibanaSampleDataEcommerce | has_subscription   | false     | 0         | 1         | 0          | NULL             | NULL              | NULL             | NULL        | NULL              | NULL                   | NULL                 |
| public     | KibanaSampleDataEcommerce | is_male            | false     | 0         | 1         | 0          | NULL             | NULL              | NULL             | NULL        | NULL              | NULL                   | NULL                 |
| public     | KibanaSampleDataEcommerce | is_female          | false     | 0         | 1         | 0          | NULL             | NULL              | NULL             | NULL        | NULL              | NULL                   | NULL                 |
| public     | KibanaSampleDataEcommerce | __user             | false     | 0         | 64        | 0          | NULL             | NULL              | NULL             | NULL        | NULL              | NULL                   | NULL                 |
| public     | KibanaSampleDataEcommerce | __cubeJoinField    | false     | 0         | 64        | 0          | NULL             | NULL              | NULL             | NULL        | NULL              | NULL                   | NULL                 |
| public     | Logs                      | agentCount         | false     | 0         | 8         | 0          | NULL             | NULL              | NULL             | NULL        | NULL              | NULL                   | NULL                 |
| public     | Logs                      | agentCountApprox   | false     | 0         | 8         | 0          | NULL             | NULL              | NULL             | NULL        | NULL              | NULL                   | NULL                 |
| public     | Logs                      | id                 | false     | 0         | 8         | 0          | NULL             | NULL              | NULL             | NULL        | NULL              | NULL                   | NULL                 |
| public     | Logs                      | read               | false     | 0         | 1         | 0          | NULL             | NULL              | NULL             | NULL        | NULL              | NULL                   | NULL                 |
| public     | Logs                      | content            | false     | 0         | 64        | 0          | NULL             | NULL              | NULL             | NULL        | NULL              | NULL                   | NULL                 |
| public     | Logs                      | __user             | false     | 0         | 64        | 0          | NULL             | NULL              | NULL             | NULL        | NULL              | NULL                   | NULL                 |
| public     | Logs                      | __cubeJoinField    | false     | 0         | 64        | 0          | NULL             | NULL              | NULL             | NULL        | NULL              | NULL                   | NULL                 |
| public     | NumberCube                | someNumber         | false     | 0         | 8         | 0          | NULL             | NULL              | NULL             | NULL        | NULL              | NULL                   | NULL                 |
| public     | NumberCube                | __user             | false     | 0         | 64        | 0          | NULL             | NULL              | NULL             | NULL        | NULL              | NULL                   | NULL                 |
| public     | NumberCube                | __cubeJoinField    | false     | 0         | 64        | 0          | NULL             | NULL              | NULL             | NULL        | NULL              | NULL                   | NULL                 |
| public     | WideCube                  | measure0           | false     | 0         | 8         | 0          | NULL             | NULL              | NULL             | NULL        | NULL              | NULL                   | NULL                 |
| public     | WideCube                  | measure1           | false     | 0         | 8         | 0          | NULL             | NULL              | NULL             | NULL        | NULL              | NULL                   | NULL                 |
| public     | WideCube                  | measure2           | false     | 0         | 8         | 0          | NULL             | NULL              | NULL             | NULL        | NULL              | NULL                   | NULL                 |
| public     | WideCube                  | measure3           | false     | 0         | 8         | 0          | NULL             | NULL              | NULL             | NULL        | NULL              | NULL                   | NULL                 |
| public     | WideCube                  | measure4           | false     | 0         | 8         | 0          | NULL             | NULL              | NULL             | NULL        | NULL              | NULL                   | NULL                 |
| public     | WideCube                  | measure5           | false     | 0         | 8         | 0          | NULL             | NULL              | NULL             | NULL        | NULL              | NULL                   | NULL                 |
| public     | WideCube                  | measure6           | false     | 0         | 8         | 0          | NULL             | NULL              | NULL             | NULL        | NULL              | NULL                   | NULL                 |
| public     | WideCube                  | measure7           | false     | 0         | 8         | 0          | NULL             | NULL              | NULL             | NULL        | NULL              | NULL                   | NULL                 |
| public     | WideCube                  | measure8           | false     | 0         | 8         | 0          | NULL             | NULL              | NULL             | NULL        | NULL              | NULL                   | NULL                 |
| public     | WideCube                  | measure9           | false     | 0         | 8         | 0          | NULL             | NULL              | NULL             | NULL        | NULL              | NULL                   | NULL                 |
| public     | WideCube                  | measure10          | false     | 0         | 8         | 0          | NULL             | NULL              | NULL             | NULL        | NULL              | NULL                   | NULL                 |
| public     | WideCube                  | measure11          | false     | 0         | 8         | 0          | NULL             | NULL              | NULL             | NULL        | NULL              | NULL                   | NULL                 |
| public     | WideCube                  | measure12          | false     | 0         | 8         | 0          | NULL             | NULL              | NULL             | NULL        | NULL              | NULL                   | NULL                 |
| public     | WideCube                  | measure13          | false     | 0         | 8         | 0          | NULL             | NULL              | NULL             | NULL        | NULL              | NULL                   | NULL                 |
| public     | WideCube                  | measure14          | false     | 0         | 8         | 0          | NULL             | NULL              | NULL             | NULL        | NULL              | NULL                   | NULL                 |
| public     | WideCube                  | measure15          | false     | 0         | 8         | 0          | NULL             | NULL              | NULL             | NULL        | NULL              | NULL                   | NULL                 |
| public     | WideCube                  | measure16          | false     | 0         | 8         | 0          | NULL             | NULL              | NULL             | NULL        | NULL              | NULL                   | NULL                 |
| public     | WideCube                  | measure17          | false     | 0         | 8         | 0          | NULL             | NULL              | NULL             | NULL        | NULL              | NULL                   | NULL                 |
| public     | WideCube                  | measure18          | false     | 0         | 8         | 0          | NULL             | NULL              | NULL             | NULL        | NULL              | NULL                   | NULL                 |
| public     | WideCube                  | measure19          | false     | 0         | 8         | 0          | NULL             | NULL              | NULL             | NULL        | NULL              | NULL                   | NULL                 |
| public     | WideCube                  | measure20          | false     | 0         | 8         | 0          | NULL             | NULL              | NULL             | NULL        | NULL              | NULL                   | NULL                 |
| public     | WideCube                  | measure21          | false     | 0         | 8         | 0          | NULL             | NULL              | NULL             | NULL        | NULL              | NULL                   | NULL                 |
| public     | WideCube                  | measure22          | false     | 0         | 8         | 0          | NULL             | NULL              | NULL             | NULL        | NULL              | NULL                   | NULL                 |
| public     | WideCube                  | measure23          | false     | 0         | 8         | 0          | NULL             | NULL              | NULL             | NULL        | NULL              | NULL                   | NULL                 |
| public     | WideCube                  | measure24          | false     | 0         | 8         | 0          | NULL             | NULL              | NULL             | NULL        | NULL              | NULL                   | NULL                 |
| public     | WideCube                  | measure25          | false     | 0         | 8         | 0          | NULL             | NULL              | NULL             | NULL        | NULL              | NULL                   | NULL                 |
| public     | WideCube                  | measure26          | false     | 0         | 8         | 0          | NULL             | NULL              | NULL             | NULL        | NULL              | NULL                   | NULL                 |
| public     | WideCube                  | measure27          | false     | 0         | 8         | 0          | NULL             | NULL              | NULL             | NULL        | NULL              | NULL                   | NULL                 |
| public     | WideCube                  | measure28          | false     | 0         | 8         | 0          | NULL             | NULL              | NULL             | NULL        | NULL              | NULL                   | NULL                 |
| public     | WideCube                  | measure29          | false     | 0         | 8         | 0          | NULL             | NULL              | NULL             | NULL        | NULL              | NULL                   | NULL                 |
| public     | WideCube                  | measure30          | false     | 0         | 8         | 0          | NULL             | NULL              | NULL             | NULL        | NULL              | NULL                   | NULL                 |
| public     | WideCube                  | measure31          | false     | 0         | 8         | 0          | NULL             | NULL              | NULL             | NULL        | NULL              | NULL                   | NULL                 |
| public     | WideCube                  | measure32          | false     | 0         | 8         | 0          | NULL             | NULL              | NULL             | NULL        | NULL              | NULL                   | NULL                 |
| public     | WideCube                  | measure33          | false     | 0         | 8         | 0          | NULL             | NULL              | NULL             | NULL        | NULL              | NULL                   | NULL                 |
| public     | WideCube                  | measure34          | false     | 0         | 8         | 0          | NULL             | NULL              | NULL             | NULL        | NULL              | NULL                   | NULL                 |
| public     | WideCube                  | measure35          | false     | 0         | 8         | 0          | NULL             | NULL              | NULL             | NULL        | NULL              | NULL                   | NULL                 |
| public     | WideCube                  | measure36          | false     | 0         | 8         | 0          | NULL             | NULL              | NULL             | NULL        | NULL              | NULL                   | NULL                 |
| public     | WideCube                  | measure37          | false     | 0         | 8         | 0          | NULL             | NULL              | NULL             | NULL        | NULL              | NULL                   | NULL                 |
| public     | WideCube                  | measure38          | false     | 0         | 8         | 0          | NULL             | NULL              | NULL             | NULL        | NULL              | NULL                   | NULL                 |
| public     | WideCube                  | measure39          | false     | 0         | 8         | 0          | NULL             | NULL              | NULL             | NULL        | NULL              | NULL                   | NULL                 |
| public     | WideCube                  | measure40          | false     | 0         | 8         | 0          | NULL             | NULL              | NULL             | NULL        | NULL              | NULL                   | NULL                 |
| public     | WideCube                  | measure41          | false     | 0         | 8         | 0          | NULL             | NULL              | NULL             | NULL        | NULL              | NULL                   | NULL                 |
| public     | WideCube                  | measure42          | false     | 0         | 8         | 0          | NULL             | NULL              | NULL             | NULL        | NULL              | NULL                   | NULL                 |
| public     | WideCube                  | measure43          | false     | 0         | 8         | 0          | NULL             | NULL              | NULL             | NULL        | NULL              | NULL                   | NULL                 |
| public     | WideCube                  | measure44          | false     | 0         | 8         | 0          | NULL             | NULL              | NULL             | NULL        | NULL              | NULL                   | NULL                 |
| public     | WideCube                  | measure45          | false     | 0         | 8         | 0          | NULL             | NULL              | NULL             | NULL        | NULL              | NULL                   | NULL                 |
| public     | WideCube                  | measure46          | false     | 0         | 8         | 0          | NULL             | NULL              | NULL             | NULL        | NULL              | NULL                   | NULL                 |
| public     | WideCube                  | measure47          | false     | 0         | 8         | 0          | NULL             | NULL              | NULL             | NULL        | NULL              | NULL                   | NULL                 |
| public     | WideCube                  | measure48          | false     | 0         | 8         | 0          | NULL             | NULL              | NULL             | NULL        | NULL              | NULL                   | NULL                 |
| public     | WideCube                  | measure49          | false     | 0         | 8         | 0          | NULL             | NULL              | NULL             | NULL        | NULL              | NULL                   | NULL                 |
| public     | WideCube                  | measure50          | false     | 0         | 8         | 0          | NULL             | NULL              | NULL             | NULL        | NULL              | NULL                   | NULL                 |
| public     | WideCube                  | measure51          | false     | 0         | 8         | 0          | NULL             | NULL              | NULL             | NULL        | NULL              | NULL                   | NULL                 |
| public     | WideCube                  | measure52          | false     | 0         | 8         | 0          | NULL             | NULL              | NULL             | NULL        | NULL              | NULL                   | NULL                 |
| public     | WideCube                  | measure53          | false     | 0         | 8         | 0          | NULL             | NULL              | NULL             | NULL        | NULL              | NULL                   | NULL                 |
| public     | WideCube                  | measure54          | false     | 0         | 8         | 0          | NULL             | NULL              | NULL             | NULL        | NULL              | NULL                   | NULL                 |
| public     | WideCube                  | measure55          | false     | 0         | 8         | 0          | NULL             | NULL              | NULL             | NULL        | NULL              | NULL                   | NULL                 |
| public     | WideCube                  | measure56          | false     | 0         | 8         | 0          | NULL             | NULL              | NULL             | NULL        | NULL              | NULL                   | NULL                 |
| public     | WideCube                  | measure57          | false     | 0         | 8         | 0          | NULL             | NULL              | NULL             | NULL        | NULL              | NULL                   | NULL                 |
| public     | WideCube                  | measure58          | false     | 0         | 8         | 0          | NULL             | NULL              | NULL             | NULL        | NULL              | NULL                   | NULL                 |
| public     | WideCube                  | measure59          | false     | 0         | 8         | 0          | NULL             | NULL              | NULL             | NULL        | NULL              | NULL                   | NULL                 |
| public     | WideCube                  | measure60          | false     | 0         | 8         | 0          | NULL             | NULL              | NULL             | NULL        | NULL              | NULL                   | NULL                 |
| public     | WideCube                  | measure61          | false     | 0         | 8         | 0          | NULL             | NULL              | NULL             | NULL        | NULL              | NULL                   | NULL                 |
| public     | WideCube                  | measure62          | false     | 0         | 8         | 0          | NULL             | NULL              | NULL             | NULL        | NULL              | NULL                   | NULL                 |
| public     | WideCube                  | measure63          | false     | 0         | 8         | 0          | NULL             | NULL              | NULL             | NULL        | NULL              | NULL                   | NULL                 |
| public     | WideCube                  | measure64          | false     | 0         | 8         | 0          | NULL             | NULL              | NULL             | NULL        | NULL              | NULL                   | NULL                 |
| public     | WideCube                  | measure65          | false     | 0         | 8         | 0          | NULL             | NULL              | NULL             | NULL        | NULL              | NULL                   | NULL                 |
| public     | WideCube                  | measure66          | false     | 0         | 8         | 0          | NULL             | NULL              | NULL             | NULL        | NULL              | NULL                   | NULL                 |
| public     | WideCube                  | measure67          | false     | 0         | 8         | 0          | NULL             | NULL              | NULL             | NULL        | NULL              | NULL                   | NULL                 |
| public     | WideCube                  | measure68          | false     | 0         | 8         | 0          | NULL             | NULL              | NULL             | NULL        | NULL              | NULL                   | NULL                 |
| public     | WideCube                  | measure69          | false     | 0         | 8         | 0          | NULL             | NULL              | NULL             | NULL        | NULL              | NULL                   | NULL                 |
| public     | WideCube                  | measure70          | false     | 0         | 8         | 0          | NULL             | NULL              | NULL             | NULL        | NULL              | NULL                   | NULL                 |
| public     | WideCube                  | measure71          | false     | 0         | 8         | 0          | NULL             | NULL              | NULL             | NULL        | NULL              | NULL                   | NULL                 |
| public     | WideCube                  | measure72          | false     | 0         | 8         | 0          | NULL             | NULL              | NULL             | NULL        | NULL              | NULL                   | NULL                 |
| public     | WideCube                  | measure73          | false     | 0         | 8         | 0          | NULL             | NULL              | NULL             | NULL        | NULL              | NULL                   | NULL                 |
| public     | WideCube                  | measure74          | false     | 0         | 8         | 0          | NULL             | NULL              | NULL             | NULL        | NULL              | NULL                   | NULL                 |
| public     | WideCube                  | measure75          | false     | 0         | 8         | 0          | NULL             | NULL              | NULL             | NULL        | NULL              | NULL                   | NULL                 |
| public     | WideCube                  | measure76          | false     | 0         | 8         | 0          | NULL             | NULL              | NULL             | NULL        | NULL              | NULL                   | NULL                 |
| public     | WideCube                  | measure77          | false     | 0         | 8         | 0          | NULL             | NULL              | NULL             | NULL        | NULL              | NULL                   | NULL                 |
| public     | WideCube                  | measure78          | false     | 0         | 8         | 0          | NULL             | NULL              | NULL             | NULL        | NULL              | NULL                   | NULL                 |
| public     | WideCube                  | measure79          | false     | 0         | 8         | 0          | NULL             | NULL              | NULL             | NULL        | NULL              | NULL                   | NULL                 |
| public     | WideCube                  | measure80          | false     | 0         | 8         | 0          | NULL             | NULL              | NULL             | NULL        | NULL              | NULL                   | NULL                 |
| public     | WideCube                  | measure81          | false     | 0         | 8         | 0          | NULL             | NULL              | NULL             | NULL        | NULL              | NULL                   | NULL                 |
| public     | WideCube                  | measure82          | false     | 0         | 8         | 0          | NULL             | NULL              | NULL             | NULL        | NULL              | NULL                   | NULL                 |
| public     | WideCube                  | measure83          | false     | 0         | 8         | 0          | NULL             | NULL              | NULL             | NULL        | NULL              | NULL                   | NULL                 |
| public     | WideCube                  | measure84          | false     | 0         | 8         | 0          | NULL             | NULL              | NULL             | NULL        | NULL              | NULL                   | NULL                 |
| public     | WideCube                  | measure85          | false     | 0         | 8         | 0          | NULL             | NULL              | NULL             | NULL        | NULL              | NULL                   | NULL                 |
| public     | WideCube                  | measure86          | false     | 0         | 8         | 0          | NULL             | NULL              | NULL             | NULL        | NULL              | NULL                   | NULL                 |
| public     | WideCube                  | measure87          | false     | 0         | 8         | 0          | NULL             | NULL              | NULL             | NULL        | NULL              | NULL                   | NULL                 |
| public     | WideCube                  | measure88          | false     | 0         | 8         | 0          | NULL             | NULL              | NULL             | NULL        | NULL              | NULL                   | NULL                 |
| public     | WideCube                  | measure89          | false     | 0         | 8         | 0          | NULL             | NULL              | NULL             | NULL        | NULL              | NULL                   | NULL                 |
| public     | WideCube                  | measure90          | false     | 0         | 8         | 0          | NULL             | NULL              | NULL             | NULL        | NULL              | NULL                   | NULL                 |
| public     | WideCube                  | measure91          | false     | 0         | 8         | 0          | NULL             | NULL              | NULL             | NULL        | NULL              | NULL                   | NULL                 |
| public     | WideCube                  | measure92          | false     | 0         | 8         | 0          | NULL             | NULL              | NULL             | NULL        | NULL              | NULL                   | NULL                 |
| public     | WideCube                  | measure93          | false     | 0         | 8         | 0          | NULL             | NULL              | NULL             | NULL        | NULL              | NULL                   | NULL                 |
| public     | WideCube                  | measure94          | false     | 0         | 8         | 0          | NULL             | NULL              | NULL             | NULL        | NULL              | NULL                   | NULL                 |
| public     | WideCube                  | measure95          | false     | 0         | 8         | 0          | NULL             | NULL              | NULL             | NULL        | NULL              | NULL                   | NULL                 |
| public     | WideCube                  | measure96          | false     | 0         | 8         | 0          | NULL             | NULL              | NULL             | NULL        | NULL              | NULL                   | NULL                 |
| public     | WideCube                  | measure97          | false     | 0         | 8         | 0          | NULL             | NULL              | NULL             | NULL        | NULL              | NULL                   | NULL                 |
| public     | WideCube                  | measure98          | false     | 0         | 8         | 0          | NULL             | NULL              | NULL             | NULL        | NULL              | NULL                   | NULL                 |
| public     | WideCube                  | measure99          | false     | 0         | 8         | 0          | NULL             | NULL              | NULL             | NULL        | NULL              | NULL                   | NULL                 |
| public     | WideCube                  | count              | false     | 0         | 8         | 0          | NULL             | NULL              | NULL             | NULL        | NULL              | NULL                   | NULL                 |
| public     | WideCube                  | maxPrice           | false     | 0         | 8         | 0          | NULL             | NULL              | NULL             | NULL        | NULL              | NULL                   | NULL                 |
| public     | WideCube                  | minPrice           | false     | 0         | 8         | 0          | NULL             | NULL              | NULL             | NULL        | NULL              | NULL                   | NULL                 |
| public     | WideCube                  | avgPrice           | false     | 0         | 8         | 0          | NULL             | NULL              | NULL             | NULL        | NULL              | NULL                   | NULL                 |
| public     | WideCube                  | countDistinct      | false     | 0         | 8         | 0          | NULL             | NULL              | NULL             | NULL        | NULL              | NULL                   | NULL                 |
| public     | WideCube                  | dim0               | false     | 0         | 8         | 0          | NULL             | NULL              | NULL             | NULL        | NULL              | NULL                   | NULL                 |
| public     | WideCube                  | dim1               | false     | 0         | 8         | 0          | NULL             | NULL              | NULL             | NULL        | NULL              | NULL                   | NULL                 |
| public     | WideCube                  | dim2               | false     | 0         | 8         | 0          | NULL             | NULL              | NULL             | NULL        | NULL              | NULL                   | NULL                 |
| public     | WideCube                  | dim3               | false     | 0         | 8         | 0          | NULL             | NULL              | NULL             | NULL        | NULL              | NULL                   | NULL                 |
| public     | WideCube                  | dim4               | false     | 0         | 8         | 0          | NULL             | NULL              | NULL             | NULL        | NULL              | NULL                   | NULL                 |
| public     | WideCube                  | dim5               | false     | 0         | 8         | 0          | NULL             | NULL              | NULL             | NULL        | NULL              | NULL                   | NULL                 |
| public     | WideCube                  | dim6               | false     | 0         | 8         | 0          | NULL             | NULL              | NULL             | NULL        | NULL              | NULL                   | NULL                 |
| public     | WideCube                  | dim7               | false     | 0         | 8         | 0          | NULL             | NULL              | NULL             | NULL        | NULL              | NULL                   | NULL                 |
| public     | WideCube                  | dim8               | false     | 0         | 8         | 0          | NULL             | NULL              | NULL             | NULL        | NULL              | NULL                   | NULL                 |
| public     | WideCube                  | dim9               | false     | 0         | 8         | 0          | NULL             | NULL              | NULL             | NULL        | NULL              | NULL                   | NULL                 |
| public     | WideCube                  | dim10              | false     | 0         | 8         | 0          | NULL             | NULL              | NULL             | NULL        | NULL              | NULL                   | NULL                 |
| public     | WideCube                  | dim11              | false     | 0         | 8         | 0          | NULL             | NULL              | NULL             | NULL        | NULL              | NULL                   | NULL                 |
| public     | WideCube                  | dim12              | false     | 0         | 8         | 0          | NULL             | NULL              | NULL             | NULL        | NULL              | NULL                   | NULL                 |
| public     | WideCube                  | dim13              | false     | 0         | 8         | 0          | NULL             | NULL              | NULL             | NULL        | NULL              | NULL                   | NULL                 |
| public     | WideCube                  | dim14              | false     | 0         | 8         | 0          | NULL             | NULL              | NULL             | NULL        | NULL              | NULL                   | NULL                 |
| public     | WideCube                  | dim15              | false     | 0         | 8         | 0          | NULL             | NULL              | NULL             | NULL        | NULL              | NULL                   | NULL                 |
| public     | WideCube                  | dim16              | false     | 0         | 8         | 0          | NULL             | NULL              | NULL             | NULL        | NULL              | NULL                   | NULL                 |
| public     | WideCube                  | dim17              | false     | 0         | 8         | 0          | NULL             | NULL              | NULL             | NULL        | NULL              | NULL                   | NULL                 |
| public     | WideCube                  | dim18              | false     | 0         | 8         | 0          | NULL             | NULL              | NULL             | NULL        | NULL              | NULL                   | NULL                 |
| public     | WideCube                  | dim19              | false     | 0         | 8         | 0          | NULL             | NULL              | NULL             | NULL        | NULL              | NULL                   | NULL                 |
| public     | WideCube                  | dim20              | false     | 0         | 8         | 0          | NULL             | NULL              | NULL             | NULL        | NULL              | NULL                   | NULL                 |
| public     | WideCube                  | dim21              | false     | 0         | 8         | 0          | NULL             | NULL              | NULL             | NULL        | NULL              | NULL                   | NULL                 |
| public     | WideCube                  | dim22              | false     | 0         | 8         | 0          | NULL             | NULL              | NULL             | NULL        | NULL              | NULL                   | NULL                 |
| public     | WideCube                  | dim23              | false     | 0         | 8         | 0          | NULL             | NULL              | NULL             | NULL        | NULL              | NULL                   | NULL                 |
| public     | WideCube                  | dim24              | false     | 0         | 8         | 0          | NULL             | NULL              | NULL             | NULL        | NULL              | NULL                   | NULL                 |
| public     | WideCube                  | dim25              | false     | 0         | 8         | 0          | NULL             | NULL              | NULL             | NULL        | NULL              | NULL                   | NULL                 |
| public     | WideCube                  | dim26              | false     | 0         | 8         | 0          | NULL             | NULL              | NULL             | NULL        | NULL              | NULL                   | NULL                 |
| public     | WideCube                  | dim27              | false     | 0         | 8         | 0          | NULL             | NULL              | NULL             | NULL        | NULL              | NULL                   | NULL                 |
| public     | WideCube                  | dim28              | false     | 0         | 8         | 0          | NULL             | NULL              | NULL             | NULL        | NULL              | NULL                   | NULL                 |
| public     | WideCube                  | dim29              | false     | 0         | 8         | 0          | NULL             | NULL              | NULL             | NULL        | NULL              | NULL                   | NULL                 |
| public     | WideCube                  | dim30              | false     | 0         | 8         | 0          | NULL             | NULL              | NULL             | NULL        | NULL              | NULL                   | NULL                 |
| public     | WideCube                  | dim31              | false     | 0         | 8         | 0          | NULL             | NULL              | NULL             | NULL        | NULL              | NULL                   | NULL                 |
| public     | WideCube                  | dim32              | false     | 0         | 8         | 0          | NULL             | NULL              | NULL             | NULL        | NULL              | NULL                   | NULL                 |
| public     | WideCube                  | dim33              | false     | 0         | 8         | 0          | NULL             | NULL              | NULL             | NULL        | NULL              | NULL                   | NULL                 |
| public     | WideCube                  | dim34              | false     | 0         | 8         | 0          | NULL             | NULL              | NULL             | NULL        | NULL              | NULL                   | NULL                 |
| public     | WideCube                  | dim35              | false     | 0         | 8         | 0          | NULL             | NULL              | NULL             | NULL        | NULL              | NULL                   | NULL                 |
| public     | WideCube                  | dim36              | false     | 0         | 8         | 0          | NULL             | NULL              | NULL             | NULL        | NULL              | NULL                   | NULL                 |
| public     | WideCube                  | dim37              | false     | 0         | 8         | 0          | NULL             | NULL              | NULL             | NULL        | NULL              | NULL                   | NULL                 |
| public     | WideCube                  | dim38              | false     | 0         | 8         | 0          | NULL             | NULL              | NULL             | NULL        | NULL              | NULL                   | NULL                 |
| public     | WideCube                  | dim39              | false     | 0         | 8         | 0          | NULL             | NULL              | NULL             | NULL        | NULL              | NULL                   | NULL                 |
| public     | WideCube                  | dim40              | false     | 0         | 8         | 0          | NULL             | NULL              | NULL             | NULL        | NULL              | NULL                   | NULL                 |
| public     | WideCube                  | dim41              | false     | 0         | 8         | 0          | NULL             | NULL              | NULL             | NULL        | NULL              | NULL                   | NULL                 |
| public     | WideCube                  | dim42              | false     | 0         | 8         | 0          | NULL             | NULL              | NULL             | NULL        | NULL              | NULL                   | NULL                 |
| public     | WideCube                  | dim43              | false     | 0         | 8         | 0          | NULL             | NULL              | NULL             | NULL        | NULL              | NULL                   | NULL                 |
| public     | WideCube                  | dim44              | false     | 0         | 8         | 0          | NULL             | NULL              | NULL             | NULL        | NULL              | NULL                   | NULL                 |
| public     | WideCube                  | dim45              | false     | 0         | 8         | 0          | NULL             | NULL              | NULL             | NULL        | NULL              | NULL                   | NULL                 |
| public     | WideCube                  | dim46              | false     | 0         | 8         | 0          | NULL             | NULL              | NULL             | NULL        | NULL              | NULL                   | NULL                 |
| public     | WideCube                  | dim47              | false     | 0         | 8         | 0          | NULL             | NULL              | NULL             | NULL        | NULL              | NULL                   | NULL                 |
| public     | WideCube                  | dim48              | false     | 0         | 8         | 0          | NULL             | NULL              | NULL             | NULL        | NULL              | NULL                   | NULL                 |
| public     | WideCube                  | dim49              | false     | 0         | 8         | 0          | NULL             | NULL              | NULL             | NULL        | NULL              | NULL                   | NULL                 |
| public     | WideCube                  | dim50              | false     | 0         | 8         | 0          | NULL             | NULL              | NULL             | NULL        | NULL              | NULL                   | NULL                 |
| public     | WideCube                  | dim51              | false     | 0         | 8         | 0          | NULL             | NULL              | NULL             | NULL        | NULL              | NULL                   | NULL                 |
| public     | WideCube                  | dim52              | false     | 0         | 8         | 0          | NULL             | NULL              | NULL             | NULL        | NULL              | NULL                   | NULL                 |
| public     | WideCube                  | dim53              | false     | 0         | 8         | 0          | NULL             | NULL              | NULL             | NULL        | NULL              | NULL                   | NULL                 |
| public     | WideCube                  | dim54              | false     | 0         | 8         | 0          | NULL             | NULL              | NULL             | NULL        | NULL              | NULL                   | NULL                 |
| public     | WideCube                  | dim55              | false     | 0         | 8         | 0          | NULL             | NULL              | NULL             | NULL        | NULL              | NULL                   | NULL                 |
| public     | WideCube                  | dim56              | false     | 0         | 8         | 0          | NULL             | NULL              | NULL             | NULL        | NULL              | NULL                   | NULL                 |
| public     | WideCube                  | dim57              | false     | 0         | 8         | 0          | NULL             | NULL              | NULL             | NULL        | NULL              | NULL                   | NULL                 |
| public     | WideCube                  | dim58              | false     | 0         | 8         | 0          | NULL             | NULL              | NULL             | NULL        | NULL              | NULL                   | NULL                 |
| public     | WideCube                  | dim59              | false     | 0         | 8         | 0          | NULL             | NULL              | NULL             | NULL        | NULL              | NULL                   | NULL                 |
| public     | WideCube                  | dim60              | false     | 0         | 8         | 0          | NULL             | NULL              | NULL             | NULL        | NULL              | NULL                   | NULL                 |
| public     | WideCube                  | dim61              | false     | 0         | 8         | 0          | NULL             | NULL              | NULL             | NULL        | NULL              | NULL                   | NULL                 |
| public     | WideCube                  | dim62              | false     | 0         | 8         | 0          | NULL             | NULL              | NULL             | NULL        | NULL              | NULL                   | NULL                 |
| public     | WideCube                  | dim63              | false     | 0         | 8         | 0          | NULL             | NULL              | NULL             | NULL        | NULL              | NULL                   | NULL                 |
| public     | WideCube                  | dim64              | false     | 0         | 8         | 0          | NULL             | NULL              | NULL             | NULL        | NULL              | NULL                   | NULL                 |
| public     | WideCube                  | dim65              | false     | 0         | 8         | 0          | NULL             | NULL              | NULL             | NULL        | NULL              | NULL                   | NULL                 |
| public     | WideCube                  | dim66              | false     | 0         | 8         | 0          | NULL             | NULL              | NULL             | NULL        | NULL              | NULL                   | NULL                 |
| public     | WideCube                  | dim67              | false     | 0         | 8         | 0          | NULL             | NULL              | NULL             | NULL        | NULL              | NULL                   | NULL                 |
| public     | WideCube                  | dim68              | false     | 0         | 8         | 0          | NULL             | NULL              | NULL             | NULL        | NULL              | NULL                   | NULL                 |
| public     | WideCube                  | dim69              | false     | 0         | 8         | 0          | NULL             | NULL              | NULL             | NULL        | NULL              | NULL                   | NULL                 |
| public     | WideCube                  | dim70              | false     | 0         | 8         | 0          | NULL             | NULL              | NULL             | NULL        | NULL              | NULL                   | NULL                 |
| public     | WideCube                  | dim71              | false     | 0         | 8         | 0          | NULL             | NULL              | NULL             | NULL        | NULL              | NULL                   | NULL                 |
| public     | WideCube                  | dim72              | false     | 0         | 8         | 0          | NULL             | NULL              | NULL             | NULL        | NULL              | NULL                   | NULL                 |
| public     | WideCube                  | dim73              | false     | 0         | 8         | 0          | NULL             | NULL              | NULL             | NULL        | NULL              | NULL                   | NULL                 |
| public     | WideCube                  | dim74              | false     | 0         | 8         | 0          | NULL             | NULL              | NULL             | NULL        | NULL              | NULL                   | NULL                 |
| public     | WideCube                  | dim75              | false     | 0         | 8         | 0          | NULL             | NULL              | NULL             | NULL        | NULL              | NULL                   | NULL                 |
| public     | WideCube                  | dim76              | false     | 0         | 8         | 0          | NULL             | NULL              | NULL             | NULL        | NULL              | NULL                   | NULL                 |
| public     | WideCube                  | dim77              | false     | 0         | 8         | 0          | NULL             | NULL              | NULL             | NULL        | NULL              | NULL                   | NULL                 |
| public     | WideCube                  | dim78              | false     | 0         | 8         | 0          | NULL             | NULL              | NULL             | NULL        | NULL              | NULL                   | NULL                 |
| public     | WideCube                  | dim79              | false     | 0         | 8         | 0          | NULL             | NULL              | NULL             | NULL        | NULL              | NULL                   | NULL                 |
| public     | WideCube                  | dim80              | false     | 0         | 8         | 0          | NULL             | NULL              | NULL             | NULL        | NULL              | NULL                   | NULL                 |
| public     | WideCube                  | dim81              | false     | 0         | 8         | 0          | NULL             | NULL              | NULL             | NULL        | NULL              | NULL                   | NULL                 |
| public     | WideCube                  | dim82              | false     | 0         | 8         | 0          | NULL             | NULL              | NULL             | NULL        | NULL              | NULL                   | NULL                 |
| public     | WideCube                  | dim83              | false     | 0         | 8         | 0          | NULL             | NULL              | NULL             | NULL        | NULL              | NULL                   | NULL                 |
| public     | WideCube                  | dim84              | false     | 0         | 8         | 0          | NULL             | NULL              | NULL             | NULL        | NULL              | NULL                   | NULL                 |
| public     | WideCube                  | dim85              | false     | 0         | 8         | 0          | NULL             | NULL              | NULL             | NULL        | NULL              | NULL                   | NULL                 |
| public     | WideCube                  | dim86              | false     | 0         | 8         | 0          | NULL             | NULL              | NULL             | NULL        | NULL              | NULL                   | NULL                 |
| public     | WideCube                  | dim87              | false     | 0         | 8         | 0          | NULL             | NULL              | NULL             | NULL        | NULL              | NULL                   | NULL                 |
| public     | WideCube                  | dim88              | false     | 0         | 8         | 0          | NULL             | NULL              | NULL             | NULL        | NULL              | NULL                   | NULL                 |
| public     | WideCube                  | dim89              | false     | 0         | 8         | 0          | NULL             | NULL              | NULL             | NULL        | NULL              | NULL                   | NULL                 |
| public     | WideCube                  | dim90              | false     | 0         | 8         | 0          | NULL             | NULL              | NULL             | NULL        | NULL              | NULL                   | NULL                 |
| public     | WideCube                  | dim91              | false     | 0         | 8         | 0          | NULL             | NULL              | NULL             | NULL        | NULL              | NULL                   | NULL                 |
| public     | WideCube                  | dim92              | false     | 0         | 8         | 0          | NULL             | NULL              | NULL             | NULL        | NULL              | NULL                   | NULL                 |
| public     | WideCube                  | dim93              | false     | 0         | 8         | 0          | NULL             | NULL              | NULL             | NULL        | NULL              | NULL                   | NULL                 |
| public     | WideCube                  | dim94              | false     | 0         | 8         | 0          | NULL             | NULL              | NULL             | NULL        | NULL              | NULL                   | NULL                 |
| public     | WideCube                  | dim95              | false     | 0         | 8         | 0          | NULL             | NULL              | NULL             | NULL        | NULL              | NULL                   | NULL                 |
| public     | WideCube                  | dim96              | false     | 0         | 8         | 0          | NULL             | NULL              | NULL             | NULL        | NULL              | NULL                   | NULL                 |
| public     | WideCube                  | dim97              | false     | 0         | 8         | 0          | NULL             | NULL              | NULL             | NULL        | NULL              | NULL                   | NULL                 |
| public     | WideCube                  | dim98              | false     | 0         | 8         | 0          | NULL             | NULL              | NULL             | NULL        | NULL              | NULL                   | NULL                 |
| public     | WideCube                  | dim99              | false     | 0         | 8         | 0          | NULL             | NULL              | NULL             | NULL        | NULL              | NULL                   | NULL                 |
| public     | WideCube                  | __user             | false     | 0         | 64        | 0          | NULL             | NULL              | NULL             | NULL        | NULL              | NULL                   | NULL                 |
| public     | WideCube                  | __cubeJoinField    | false     | 0         | 64        | 0          | NULL             | NULL              | NULL             | NULL        | NULL              | NULL                   | NULL                 |
| public     | MultiTypeCube             | measure_num0       | false     | 0         | 8         | 0          | NULL             | NULL              | NULL             | NULL        | NULL              | NULL                   | NULL                 |
| public     | MultiTypeCube             | measure_str0       | false     | 0         | 8         | 0          | NULL             | NULL              | NULL             | NULL        | NULL              | NULL                   | NULL                 |
| public     | MultiTypeCube             | measure_date0      | false     | 0         | 8         | 0          | NULL             | NULL              | NULL             | NULL        | NULL              | NULL                   | NULL                 |
| public     | MultiTypeCube             | measure_num1       | false     | 0         | 8         | 0          | NULL             | NULL              | NULL             | NULL        | NULL              | NULL                   | NULL                 |
| public     | MultiTypeCube             | measure_str1       | false     | 0         | 8         | 0          | NULL             | NULL              | NULL             | NULL        | NULL              | NULL                   | NULL                 |
| public     | MultiTypeCube             | measure_date1      | false     | 0         | 8         | 0          | NULL             | NULL              | NULL             | NULL        | NULL              | NULL                   | NULL                 |
| public     | MultiTypeCube             | measure_num2       | false     | 0         | 8         | 0          | NULL             | NULL              | NULL             | NULL        | NULL              | NULL                   | NULL                 |
| public     | MultiTypeCube             | measure_str2       | false     | 0         | 8         | 0          | NULL             | NULL              | NULL             | NULL        | NULL              | NULL                   | NULL                 |
| public     | MultiTypeCube             | measure_date2      | false     | 0         | 8         | 0          | NULL             | NULL              | NULL             | NULL        | NULL              | NULL                   | NULL                 |
| public     | MultiTypeCube             | measure_num3       | false     | 0         | 8         | 0          | NULL             | NULL              | NULL             | NULL        | NULL              | NULL                   | NULL                 |
| public     | MultiTypeCube             | measure_str3       | false     | 0         | 8         | 0          | NULL             | NULL              | NULL             | NULL        | NULL              | NULL                   | NULL                 |
| public     | MultiTypeCube             | measure_date3      | false     | 0         | 8         | 0          | NULL             | NULL              | NULL             | NULL        | NULL              | NULL                   | NULL                 |
| public     | MultiTypeCube             | measure_num4       | false     | 0         | 8         | 0          | NULL             | NULL              | NULL             | NULL        | NULL              | NULL                   | NULL                 |
| public     | MultiTypeCube             | measure_str4       | false     | 0         | 8         | 0          | NULL             | NULL              | NULL             | NULL        | NULL              | NULL                   | NULL                 |
| public     | MultiTypeCube             | measure_date4      | false     | 0         | 8         | 0          | NULL             | NULL              | NULL             | NULL        | NULL              | NULL                   | NULL                 |
| public     | MultiTypeCube             | measure_num5       | false     | 0         | 8         | 0          | NULL             | NULL              | NULL             | NULL        | NULL              | NULL                   | NULL                 |
| public     | MultiTypeCube             | measure_str5       | false     | 0         | 8         | 0          | NULL             | NULL              | NULL             | NULL        | NULL              | NULL                   | NULL                 |
| public     | MultiTypeCube             | measure_date5      | false     | 0         | 8         | 0          | NULL             | NULL              | NULL             | NULL        | NULL              | NULL                   | NULL                 |
| public     | MultiTypeCube             | measure_num6       | false     | 0         | 8         | 0          | NULL             | NULL              | NULL             | NULL        | NULL              | NULL                   | NULL                 |
| public     | MultiTypeCube             | measure_str6       | false     | 0         | 8         | 0          | NULL             | NULL              | NULL             | NULL        | NULL              | NULL                   | NULL                 |
| public     | MultiTypeCube             | measure_date6      | false     | 0         | 8         | 0          | NULL             | NULL              | NULL             | NULL        | NULL              | NULL                   | NULL                 |
| public     | MultiTypeCube             | measure_num7       | false     | 0         | 8         | 0          | NULL             | NULL              | NULL             | NULL        | NULL              | NULL                   | NULL                 |
| public     | MultiTypeCube             | measure_str7       | false     | 0         | 8         | 0          | NULL             | NULL              | NULL             | NULL        | NULL              | NULL                   | NULL                 |
| public     | MultiTypeCube             | measure_date7      | false     | 0         | 8         | 0          | NULL             | NULL              | NULL             | NULL        | NULL              | NULL                   | NULL                 |
| public     | MultiTypeCube             | measure_num8       | false     | 0         | 8         | 0          | NULL             | NULL              | NULL             | NULL        | NULL              | NULL                   | NULL                 |
| public     | MultiTypeCube             | measure_str8       | false     | 0         | 8         | 0          | NULL             | NULL              | NULL             | NULL        | NULL              | NULL                   | NULL                 |
| public     | MultiTypeCube             | measure_date8      | false     | 0         | 8         | 0          | NULL             | NULL              | NULL             | NULL        | NULL              | NULL                   | NULL                 |
| public     | MultiTypeCube             | measure_num9       | false     | 0         | 8         | 0          | NULL             | NULL              | NULL             | NULL        | NULL              | NULL                   | NULL                 |
| public     | MultiTypeCube             | measure_str9       | false     | 0         | 8         | 0          | NULL             | NULL              | NULL             | NULL        | NULL              | NULL                   | NULL                 |
| public     | MultiTypeCube             | measure_date9      | false     | 0         | 8         | 0          | NULL             | NULL              | NULL             | NULL        | NULL              | NULL                   | NULL                 |
| public     | MultiTypeCube             | count              | false     | 0         | 8         | 0          | NULL             | NULL              | NULL             | NULL        | NULL              | NULL                   | NULL                 |
| public     | MultiTypeCube             | maxPrice           | false     | 0         | 8         | 0          | NULL             | NULL              | NULL             | NULL        | NULL              | NULL                   | NULL                 |
| public     | MultiTypeCube             | minPrice           | false     | 0         | 8         | 0          | NULL             | NULL              | NULL             | NULL        | NULL              | NULL                   | NULL                 |
| public     | MultiTypeCube             | avgPrice           | false     | 0         | 8         | 0          | NULL             | NULL              | NULL             | NULL        | NULL              | NULL                   | NULL                 |
| public     | MultiTypeCube             | countDistinct      | false     | 0         | 8         | 0          | NULL             | NULL              | NULL             | NULL        | NULL              | NULL                   | NULL                 |
| public     | MultiTypeCube             | dim_num0           | false     | 0         | 8         | 0          | NULL             | NULL              | NULL             | NULL        | NULL              | NULL                   | NULL                 |
| public     | MultiTypeCube             | dim_str0           | false     | 0         | 64        | 0          | NULL             | NULL              | NULL             | NULL        | NULL              | NULL                   | NULL                 |
| public     | MultiTypeCube             | dim_date0          | false     | 0         | 8         | 0          | NULL             | NULL              | NULL             | NULL        | NULL              | NULL                   | NULL                 |
| public     | MultiTypeCube             | dim_num1           | false     | 0         | 8         | 0          | NULL             | NULL              | NULL             | NULL        | NULL              | NULL                   | NULL                 |
| public     | MultiTypeCube             | dim_str1           | false     | 0         | 64        | 0          | NULL             | NULL              | NULL             | NULL        | NULL              | NULL                   | NULL                 |
| public     | MultiTypeCube             | dim_date1          | false     | 0         | 8         | 0          | NULL             | NULL              | NULL             | NULL        | NULL              | NULL                   | NULL                 |
| public     | MultiTypeCube             | dim_num2           | false     | 0         | 8         | 0          | NULL             | NULL              | NULL             | NULL        | NULL              | NULL                   | NULL                 |
| public     | MultiTypeCube             | dim_str2           | false     | 0         | 64        | 0          | NULL             | NULL              | NULL             | NULL        | NULL              | NULL                   | NULL                 |
| public     | MultiTypeCube             | dim_date2          | false     | 0         | 8         | 0          | NULL             | NULL              | NULL             | NULL        | NULL              | NULL                   | NULL                 |
| public     | MultiTypeCube             | dim_num3           | false     | 0         | 8         | 0          | NULL             | NULL              | NULL             | NULL        | NULL              | NULL                   | NULL                 |
| public     | MultiTypeCube             | dim_str3           | false     | 0         | 64        | 0          | NULL             | NULL              | NULL             | NULL        | NULL              | NULL                   | NULL                 |
| public     | MultiTypeCube             | dim_date3          | false     | 0         | 8         | 0          | NULL             | NULL              | NULL             | NULL        | NULL              | NULL                   | NULL                 |
| public     | MultiTypeCube             | dim_num4           | false     | 0         | 8         | 0          | NULL             | NULL              | NULL             | NULL        | NULL              | NULL                   | NULL                 |
| public     | MultiTypeCube             | dim_str4           | false     | 0         | 64        | 0          | NULL             | NULL              | NULL             | NULL        | NULL              | NULL                   | NULL                 |
| public     | MultiTypeCube             | dim_date4          | false     | 0         | 8         | 0          | NULL             | NULL              | NULL             | NULL        | NULL              | NULL                   | NULL                 |
| public     | MultiTypeCube             | dim_num5           | false     | 0         | 8         | 0          | NULL             | NULL              | NULL             | NULL        | NULL              | NULL                   | NULL                 |
| public     | MultiTypeCube             | dim_str5           | false     | 0         | 64        | 0          | NULL             | NULL              | NULL             | NULL        | NULL              | NULL                   | NULL                 |
| public     | MultiTypeCube             | dim_date5          | false     | 0         | 8         | 0          | NULL             | NULL              | NULL             | NULL        | NULL              | NULL                   | NULL                 |
| public     | MultiTypeCube             | dim_num6           | false     | 0         | 8         | 0          | NULL             | NULL              | NULL             | NULL        | NULL              | NULL                   | NULL                 |
| public     | MultiTypeCube             | dim_str6           | false     | 0         | 64        | 0          | NULL             | NULL              | NULL             | NULL        | NULL              | NULL                   | NULL                 |
| public     | MultiTypeCube             | dim_date6          | false     | 0         | 8         | 0          | NULL             | NULL              | NULL             | NULL        | NULL              | NULL                   | NULL                 |
| public     | MultiTypeCube             | dim_num7           | false     | 0         | 8         | 0          | NULL             | NULL              | NULL             | NULL        | NULL              | NULL                   | NULL                 |
| public     | MultiTypeCube             | dim_str7           | false     | 0         | 64        | 0          | NULL             | NULL              | NULL             | NULL        | NULL              | NULL                   | NULL                 |
| public     | MultiTypeCube             | dim_date7          | false     | 0         | 8         | 0          | NULL             | NULL              | NULL             | NULL        | NULL              | NULL                   | NULL                 |
| public     | MultiTypeCube             | dim_num8           | false     | 0         | 8         | 0          | NULL             | NULL              | NULL             | NULL        | NULL              | NULL                   | NULL                 |
| public     | MultiTypeCube             | dim_str8           | false     | 0         | 64        | 0          | NULL             | NULL              | NULL             | NULL        | NULL              | NULL                   | NULL                 |
| public     | MultiTypeCube             | dim_date8          | false     | 0         | 8         | 0          | NULL             | NULL              | NULL             | NULL        | NULL              | NULL                   | NULL                 |
| public     | MultiTypeCube             | dim_num9           | false     | 0         | 8         | 0          | NULL             | NULL              | NULL             | NULL        | NULL              | NULL                   | NULL                 |
| public     | MultiTypeCube             | dim_str9           | false     | 0         | 64        | 0          | NULL             | NULL              | NULL             | NULL        | NULL              | NULL                   | NULL                 |
| public     | MultiTypeCube             | dim_date9          | false     | 0         | 8         | 0          | NULL             | NULL              | NULL             | NULL        | NULL              | NULL                   | NULL                 |
| public     | MultiTypeCube             | __user             | false     | 0         | 64        | 0          | NULL             | NULL              | NULL             | NULL        | NULL              | NULL                   | NULL                 |
| public     | MultiTypeCube             | __cubeJoinField    | false     | 0         | 64        | 0          | NULL             | NULL              | NULL             | NULL        | NULL              | NULL                   | NULL                 |
+------------+---------------------------+--------------------+-----------+-----------+-----------+------------+------------------+-------------------+------------------+-------------+-------------------+------------------------+----------------------+
