---
source: cubesql/src/compile/mod.rs
assertion_line: 7271
expression: "execute_query(\"SELECT * FROM pg_catalog.pg_type ORDER BY oid ASC\".to_string(),\n            DatabaseProtocol::PostgreSQL).await?"
---
+-------+----------------------------+--------------+----------+--------+----------+---------+-------------+---------------+--------------+----------+----------+-----------------------------+---------+----------+------------------+-----------+------------+---------+----------+-----------+------------+----------+------------+------------+-------------+-----------+----------+--------------+---------------+------------+--------+
| oid   | typname                    | typnamespace | typowner | typlen | typbyval | typtype | typcategory | typisprefered | typisdefined | typdelim | typrelid | typsubscript                | typelem | typarray | typinput         | typoutput | typreceive | typsend | typmodin | typmodout | typanalyze | typalign | typstorage | typnotnull | typbasetype | typtypmod | typndims | typcollation | typdefaultbin | typdefault | typacl |
+-------+----------------------------+--------------+----------+--------+----------+---------+-------------+---------------+--------------+----------+----------+-----------------------------+---------+----------+------------------+-----------+------------+---------+----------+-----------+------------+----------+------------+------------+-------------+-----------+----------+--------------+---------------+------------+--------+
| 16    | bool                       | 11           | 10       | 1      | true     | b       | B           | true          | true         | ,        | 0        | -                           | 0       | 0        | boolin           | NULL      | 2436       | NULL    | NULL     | NULL      | NULL       | c        | p          | false      | 0           | -1        | NULL     | NULL         | NULL          | NULL       | NULL   |
| 17    | bytea                      | 11           | 10       | -1     | false    | b       | U           | false         | true         | ,        | 0        | -                           | 0       | 0        | byteain          | NULL      | 0          | NULL    | NULL     | NULL      | NULL       | i        | x          | false      | 0           | -1        | NULL     | NULL         | NULL          | NULL       | NULL   |
| 19    | name                       | 11           | 10       | 64     | false    | b       | S           | false         | true         | ,        | 0        | raw_array_subscript_handler | 0       | 0        | namein           | NULL      | 0          | NULL    | NULL     | NULL      | NULL       | c        | p          | false      | 0           | -1        | NULL     | NULL         | NULL          | NULL       | NULL   |
| 20    | int8                       | 11           | 10       | 8      | true     | b       | N           | false         | true         | ,        | 0        | -                           | 0       | 0        | int8in           | NULL      | 2408       | NULL    | NULL     | NULL      | NULL       | d        | p          | false      | 0           | -1        | NULL     | NULL         | NULL          | NULL       | NULL   |
| 21    | int2                       | 11           | 10       | 2      | true     | b       | N           | false         | true         | ,        | 0        | -                           | 0       | 0        | int2in           | NULL      | 0          | NULL    | NULL     | NULL      | NULL       | s        | p          | false      | 0           | -1        | NULL     | NULL         | NULL          | NULL       | NULL   |
| 23    | int4                       | 11           | 10       | 4      | true     | b       | N           | false         | true         | ,        | 0        | -                           | 0       | 0        | int4in           | NULL      | 2406       | NULL    | NULL     | NULL      | NULL       | i        | p          | false      | 0           | -1        | NULL     | NULL         | NULL          | NULL       | NULL   |
| 25    | text                       | 11           | 10       | -1     | false    | b       | S           | true          | true         | ,        | 0        | -                           | 0       | 0        | textin           | NULL      | 2414       | NULL    | NULL     | NULL      | NULL       | i        | x          | false      | 0           | -1        | NULL     | NULL         | NULL          | NULL       | NULL   |
| 26    | oid                        | 11           | 10       | 4      | true     | b       | N           | true          | true         | ,        | 0        | -                           | 0       | 1028     | oidin            | NULL      | 0          | NULL    | NULL     | NULL      | NULL       | i        | p          | false      | 0           | -1        | NULL     | NULL         | NULL          | NULL       | NULL   |
| 27    | tid                        | 11           | 10       | 6      | false    | b       | U           | false         | true         | ,        | 0        | -                           | 0       | 1010     | tidin            | NULL      | 0          | NULL    | NULL     | NULL      | NULL       | s        | p          | false      | 0           | -1        | NULL     | NULL         | NULL          | NULL       | NULL   |
| 83    | pg_class                   | 11           | 10       | -1     | false    | c       | C           | false         | true         | ,        | 1259     | -                           | 0       | 273      | record_in        | NULL      | 0          | NULL    | NULL     | NULL      | NULL       | d        | x          | false      | 0           | -1        | NULL     | NULL         | NULL          | NULL       | NULL   |
| 700   | float4                     | 11           | 10       | 4      | true     | b       | N           | false         | true         | ,        | 0        | -                           | 0       | 1021     | float4in         | NULL      | 2424       | NULL    | NULL     | NULL      | NULL       | i        | p          | false      | 0           | -1        | NULL     | NULL         | NULL          | NULL       | NULL   |
| 701   | float8                     | 11           | 10       | 8      | true     | b       | N           | true          | true         | ,        | 0        | -                           | 0       | 1022     | float8in         | NULL      | 2426       | NULL    | NULL     | NULL      | NULL       | d        | p          | false      | 0           | -1        | NULL     | NULL         | NULL          | NULL       | NULL   |
| 790   | money                      | 11           | 10       | 8      | true     | b       | N           | false         | true         | ,        | 0        | -                           | 0       | 791      | cash_in          | NULL      | 0          | NULL    | NULL     | NULL      | NULL       | d        | p          | false      | 0           | -1        | NULL     | NULL         | NULL          | NULL       | NULL   |
| 869   | inet                       | 11           | 10       | -1     | false    | b       | I           | true          | true         | ,        | 0        | -                           | 0       | 1041     | inetin           | NULL      | 0          | NULL    | NULL     | NULL      | NULL       | i        | m          | false      | 0           | -1        | NULL     | NULL         | NULL          | NULL       | NULL   |
| 1000  | _bool                      | 11           | 10       | -1     | false    | b       | A           | false         | true         | ,        | 0        | array_subscript_handler     | 16      | 0        | array_in         | NULL      | 0          | NULL    | NULL     | NULL      | NULL       | i        | x          | false      | 0           | -1        | NULL     | NULL         | NULL          | NULL       | NULL   |
| 1001  | _bytea                     | 11           | 10       | -1     | false    | b       | A           | false         | true         | ,        | 0        | array_subscript_handler     | 17      | 0        | array_in         | NULL      | 0          | NULL    | NULL     | NULL      | NULL       | i        | x          | false      | 0           | -1        | NULL     | NULL         | NULL          | NULL       | NULL   |
| 1005  | _int2                      | 11           | 10       | -1     | false    | b       | A           | false         | true         | ,        | 0        | array_subscript_handler     | 21      | 0        | array_in         | NULL      | 0          | NULL    | NULL     | NULL      | NULL       | i        | x          | false      | 0           | -1        | NULL     | NULL         | NULL          | NULL       | NULL   |
| 1007  | _int4                      | 11           | 10       | -1     | false    | b       | A           | false         | true         | ,        | 0        | array_subscript_handler     | 23      | 0        | array_in         | NULL      | 0          | NULL    | NULL     | NULL      | NULL       | i        | x          | false      | 0           | -1        | NULL     | NULL         | NULL          | NULL       | NULL   |
| 1009  | _text                      | 11           | 10       | -1     | false    | b       | A           | false         | true         | ,        | 0        | array_subscript_handler     | 25      | 0        | array_in         | NULL      | 0          | NULL    | NULL     | NULL      | NULL       | i        | x          | false      | 0           | -1        | NULL     | NULL         | NULL          | NULL       | NULL   |
| 1016  | _int8                      | 11           | 10       | -1     | false    | b       | A           | false         | true         | ,        | 0        | array_subscript_handler     | 20      | 0        | array_in         | NULL      | 0          | NULL    | NULL     | NULL      | NULL       | d        | x          | false      | 0           | -1        | NULL     | NULL         | NULL          | NULL       | NULL   |
| 1021  | _float4                    | 11           | 10       | -1     | false    | b       | A           | false         | true         | ,        | 0        | array_subscript_handler     | 700     | 0        | array_in         | NULL      | 0          | NULL    | NULL     | NULL      | NULL       | i        | x          | false      | 0           | -1        | NULL     | NULL         | NULL          | NULL       | NULL   |
| 1022  | _float8                    | 11           | 10       | -1     | false    | b       | A           | false         | true         | ,        | 0        | array_subscript_handler     | 701     | 0        | array_in         | NULL      | 0          | NULL    | NULL     | NULL      | NULL       | d        | x          | false      | 0           | -1        | NULL     | NULL         | NULL          | NULL       | NULL   |
| 1033  | aclitem                    | 11           | 10       | 12     | false    | b       | U           | false         | true         | ,        | 0        | -                           | 0       | 1034     | aclitemin        | NULL      | 0          | NULL    | NULL     | NULL      | NULL       | i        | p          | false      | 0           | -1        | NULL     | NULL         | NULL          | NULL       | NULL   |
| 1034  | _aclitem                   | 11           | 10       | -1     | false    | b       | A           | false         | true         | ,        | 0        | array_subscript_handler     | 1033    | 0        | _aclitemin       | NULL      | 0          | NULL    | NULL     | NULL      | NULL       | i        | x          | false      | 0           | -1        | NULL     | NULL         | NULL          | NULL       | NULL   |
| 1042  | bpchar                     | 11           | 10       | -1     | false    | b       | S           | false         | true         | ,        | 0        | -                           | 0       | 1014     | bpcharin         | NULL      | 0          | NULL    | NULL     | NULL      | NULL       | i        | x          | false      | 0           | -1        | NULL     | NULL         | NULL          | NULL       | NULL   |
| 1043  | varchar                    | 11           | 10       | -1     | false    | b       | S           | false         | true         | ,        | 0        | -                           | 0       | 0        | varcharin        | NULL      | 2432       | NULL    | NULL     | NULL      | NULL       | i        | x          | false      | 0           | -1        | NULL     | NULL         | NULL          | NULL       | NULL   |
| 1082  | date                       | 11           | 10       | 4      | true     | b       | D           | false         | true         | ,        | 0        | -                           | 0       | 0        | date_in          | NULL      | 0          | NULL    | NULL     | NULL      | NULL       | i        | p          | false      | 0           | -1        | NULL     | NULL         | NULL          | NULL       | NULL   |
| 1083  | time                       | 11           | 10       | 8      | true     | b       | D           | false         | true         | ,        | 0        | -                           | 0       | 1183     | time_in          | NULL      | 0          | NULL    | NULL     | NULL      | NULL       | d        | p          | false      | 0           | -1        | NULL     | NULL         | NULL          | NULL       | NULL   |
| 1114  | timestamp                  | 11           | 10       | 8      | true     | b       | D           | false         | true         | ,        | 0        | -                           | 0       | 0        | timestamp_in     | NULL      | 2474       | NULL    | NULL     | NULL      | NULL       | d        | p          | false      | 0           | -1        | NULL     | NULL         | NULL          | NULL       | NULL   |
| 1184  | timestamptz                | 11           | 10       | 8      | true     | b       | D           | true          | true         | ,        | 0        | -                           | 0       | 0        | timestamptz_in   | NULL      | 0          | NULL    | NULL     | NULL      | NULL       | d        | p          | false      | 0           | -1        | NULL     | NULL         | NULL          | NULL       | NULL   |
| 1186  | interval                   | 11           | 10       | 16     | false    | b       | T           | true          | true         | ,        | 0        | -                           | 0       | 1187     | intervalin       | NULL      | 0          | NULL    | NULL     | NULL      | NULL       | d        | p          | false      | 0           | -1        | NULL     | NULL         | NULL          | NULL       | NULL   |
| 1266  | timetz                     | 11           | 10       | 12     | false    | b       | D           | false         | true         | ,        | 0        | -                           | 0       | 1270     | timetz_in        | NULL      | 0          | NULL    | NULL     | NULL      | NULL       | d        | p          | false      | 0           | -1        | NULL     | NULL         | NULL          | NULL       | NULL   |
| 1700  | numeric                    | 11           | 10       | -1     | false    | b       | N           | false         | true         | ,        | 0        | -                           | 0       | 0        | numericin        | NULL      | 2460       | NULL    | NULL     | NULL      | NULL       | i        | m          | false      | 0           | -1        | NULL     | NULL         | NULL          | NULL       | NULL   |
| 2249  | record                     | 11           | 10       | -1     | false    | p       | P           | false         | true         | ,        | 0        | -                           | 0       | 2287     | recordin         | NULL      | 0          | NULL    | NULL     | NULL      | NULL       | d        | x          | false      | 0           | -1        | NULL     | NULL         | NULL          | NULL       | NULL   |
| 2277  | anyarray                   | 11           | 10       | -1     | false    | p       | P           | false         | true         | ,        | 0        | -                           | 0       | 0        | anyarrayin       | NULL      | 0          | NULL    | NULL     | NULL      | NULL       | d        | x          | false      | 0           | -1        | NULL     | NULL         | NULL          | NULL       | NULL   |
| 2283  | anyelement                 | 11           | 10       | 4      | true     | p       | P           | false         | true         | ,        | 0        | -                           | 0       | 0        | anyelementin     | NULL      | 0          | NULL    | NULL     | NULL      | NULL       | i        | p          | false      | 0           | -1        | NULL     | NULL         | NULL          | NULL       | NULL   |
| 3220  | pg_lsn                     | 11           | 10       | 8      | true     | b       | U           | false         | true         | ,        | 0        | -                           | 0       | 3221     | pg_lsnin         | NULL      | 0          | NULL    | NULL     | NULL      | NULL       | d        | p          | false      | 0           | -1        | NULL     | NULL         | NULL          | NULL       | NULL   |
| 3500  | anyenum                    | 11           | 10       | 4      | true     | p       | P           | false         | true         | ,        | 0        | -                           | 0       | 0        | anyenumin        | NULL      | 0          | NULL    | NULL     | NULL      | NULL       | i        | p          | false      | 0           | -1        | NULL     | NULL         | NULL          | NULL       | NULL   |
| 3831  | anyrange                   | 11           | 10       | -1     | false    | p       | P           | false         | true         | ,        | 0        | -                           | 0       | 0        | anyrangein       | NULL      | 0          | NULL    | NULL     | NULL      | NULL       | d        | x          | false      | 0           | -1        | NULL     | NULL         | NULL          | NULL       | NULL   |
| 3904  | int4range                  | 11           | 10       | -1     | false    | r       | R           | false         | true         | ,        | 0        | -                           | 0       | 0        | int4rangein      | NULL      | 0          | NULL    | NULL     | NULL      | NULL       | i        | x          | false      | 0           | -1        | NULL     | NULL         | NULL          | NULL       | NULL   |
| 3906  | numrange                   | 11           | 10       | -1     | false    | r       | R           | false         | true         | ,        | 0        | -                           | 0       | 0        | numrangein       | NULL      | 0          | NULL    | NULL     | NULL      | NULL       | i        | x          | false      | 0           | -1        | NULL     | NULL         | NULL          | NULL       | NULL   |
| 3908  | tsrange                    | 11           | 10       | -1     | false    | r       | R           | false         | true         | ,        | 0        | -                           | 0       | 0        | tsrangein        | NULL      | 0          | NULL    | NULL     | NULL      | NULL       | d        | x          | false      | 0           | -1        | NULL     | NULL         | NULL          | NULL       | NULL   |
| 3910  | tstzrange                  | 11           | 10       | -1     | false    | r       | R           | false         | true         | ,        | 0        | -                           | 0       | 0        | tstzrangein      | NULL      | 0          | NULL    | NULL     | NULL      | NULL       | d        | x          | false      | 0           | -1        | NULL     | NULL         | NULL          | NULL       | NULL   |
| 3912  | daterange                  | 11           | 10       | -1     | false    | r       | R           | false         | true         | ,        | 0        | -                           | 0       | 0        | daterangein      | NULL      | 0          | NULL    | NULL     | NULL      | NULL       | i        | x          | false      | 0           | -1        | NULL     | NULL         | NULL          | NULL       | NULL   |
| 3926  | int8range                  | 11           | 10       | -1     | false    | r       | R           | false         | true         | ,        | 0        | -                           | 0       | 0        | int8rangein      | NULL      | 0          | NULL    | NULL     | NULL      | NULL       | d        | x          | false      | 0           | -1        | NULL     | NULL         | NULL          | NULL       | NULL   |
| 4451  | int4multirange             | 11           | 10       | -1     | false    | r       | R           | false         | true         | ,        | 0        | -                           | 0       | 0        | multirange_in    | NULL      | 0          | NULL    | NULL     | NULL      | NULL       | i        | x          | false      | 0           | -1        | NULL     | NULL         | NULL          | NULL       | NULL   |
| 4532  | nummultirange              | 11           | 10       | -1     | false    | m       | R           | false         | true         | ,        | 0        | -                           | 0       | 0        | multirange_in    | NULL      | 0          | NULL    | NULL     | NULL      | NULL       | i        | x          | false      | 0           | -1        | NULL     | NULL         | NULL          | NULL       | NULL   |
| 4533  | tsmultirange               | 11           | 10       | -1     | false    | m       | R           | false         | true         | ,        | 0        | -                           | 0       | 0        | multirange_in    | NULL      | 0          | NULL    | NULL     | NULL      | NULL       | d        | x          | false      | 0           | -1        | NULL     | NULL         | NULL          | NULL       | NULL   |
| 4535  | datemultirange             | 11           | 10       | -1     | false    | m       | R           | false         | true         | ,        | 0        | -                           | 0       | 0        | multirange_in    | NULL      | 0          | NULL    | NULL     | NULL      | NULL       | i        | x          | false      | 0           | -1        | NULL     | NULL         | NULL          | NULL       | NULL   |
| 4536  | int8multirange             | 11           | 10       | -1     | false    | m       | R           | false         | true         | ,        | 0        | -                           | 0       | 0        | multirange_in    | NULL      | 0          | NULL    | NULL     | NULL      | NULL       | d        | x          | false      | 0           | -1        | NULL     | NULL         | NULL          | NULL       | NULL   |
| 12003 | pg_constraint              | 11           | 10       | -1     | false    | c       | C           | false         | true         | ,        | 2606     | -                           | 0       | 12002    | pg_constraintin  | NULL      | 0          | NULL    | NULL     | NULL      | NULL       | d        | x          | false      | 0           | -1        | NULL     | NULL         | NULL          | NULL       | NULL   |
| 12047 | pg_namespace               | 11           | 10       | -1     | false    | c       | C           | false         | true         | ,        | 2615     | -                           | 0       | 12046    | record_in        | NULL      | 0          | NULL    | NULL     | NULL      | NULL       | d        | x          | false      | 0           | -1        | NULL     | NULL         | NULL          | NULL       | NULL   |
| 13408 | character_data             | 13000        | 10       | -1     | false    | d       | S           | false         | true         | ,        | 0        | -                           | 0       | 0        | character_datain | NULL      | 0          | NULL    | NULL     | NULL      | NULL       | i        | x          | false      | 1043        | -1        | NULL     | NULL         | NULL          | NULL       | NULL   |
| 13410 | sql_identifier             | 13000        | 10       | 64     | false    | d       | S           | false         | true         | ,        | 0        | -                           | 0       | 0        | sql_identifierin | NULL      | 0          | NULL    | NULL     | NULL      | NULL       | c        | p          | false      | 19          | -1        | NULL     | NULL         | NULL          | NULL       | NULL   |
| 18001 | KibanaSampleDataEcommerce  | 2200         | 10       | -1     | false    | c       | C           | false         | true         | ,        | 18000    | -                           | 0       | 18002    | record_in        | NULL      | 0          | NULL    | NULL     | NULL      | NULL       | i        | x          | false      | 0           | -1        | NULL     | NULL         | NULL          | NULL       | NULL   |
| 18002 | _KibanaSampleDataEcommerce | 2200         | 10       | -1     | false    | b       | A           | false         | true         | ,        | 0        | array_subscript_handler     | 18001   | 0        | record_in        | NULL      | 0          | NULL    | NULL     | NULL      | NULL       | d        | x          | false      | 0           | -1        | NULL     | NULL         | NULL          | NULL       | NULL   |
| 18015 | Logs                       | 2200         | 10       | -1     | false    | c       | C           | false         | true         | ,        | 18014    | -                           | 0       | 18016    | record_in        | NULL      | 0          | NULL    | NULL     | NULL      | NULL       | i        | x          | false      | 0           | -1        | NULL     | NULL         | NULL          | NULL       | NULL   |
| 18016 | _Logs                      | 2200         | 10       | -1     | false    | b       | A           | false         | true         | ,        | 0        | array_subscript_handler     | 18015   | 0        | record_in        | NULL      | 0          | NULL    | NULL     | NULL      | NULL       | d        | x          | false      | 0           | -1        | NULL     | NULL         | NULL          | NULL       | NULL   |
+-------+----------------------------+--------------+----------+--------+----------+---------+-------------+---------------+--------------+----------+----------+-----------------------------+---------+----------+------------------+-----------+------------+---------+----------+-----------+------------+----------+------------+------------+-------------+-----------+----------+--------------+---------------+------------+--------+
