---
source: cubesql/src/compile/mod.rs
assertion_line: 4079
expression: "execute_query(\"show variables;\".to_string()).await?"

---
+------------------------+-----------------------------------------------------------------------------------------------------------------------+
| Variable_name          | Value                                                                                                                 |
+------------------------+-----------------------------------------------------------------------------------------------------------------------+
| sql_mode               | ONLY_FULL_GROUP_BY,STRICT_TRANS_TABLES,NO_ZERO_IN_DATE,NO_ZERO_DATE,ERROR_FOR_DIVISION_BY_ZERO,NO_ENGINE_SUBSTITUTION |
| max_allowed_packet     | 67108864                                                                                                              |
| lower_case_table_names | 0                                                                                                                     |
+------------------------+-----------------------------------------------------------------------------------------------------------------------+
