---
source: cubesql/src/compile/mod.rs
expression: "execute_query(\"SELECT * FROM pg_catalog.pg_type ORDER BY oid ASC\".to_string(),\nDatabaseProtocol::PostgreSQL).await?"
---
+-------+----------------------------+--------------+----------+--------+----------+---------+-------------+---------------+--------------+----------+----------+-----------------------------+---------+----------+----------------------------+-----------------+------------------+------------------+----------+-----------+------------+----------+------------+------------+-------------+-----------+----------+--------------+---------------+------------+--------+------+
| oid   | typname                    | typnamespace | typowner | typlen | typbyval | typtype | typcategory | typisprefered | typisdefined | typdelim | typrelid | typsubscript                | typelem | typarray | typinput                   | typoutput       | typreceive       | typsend          | typmodin | typmodout | typanalyze | typalign | typstorage | typnotnull | typbasetype | typtypmod | typndims | typcollation | typdefaultbin | typdefault | typacl | xmin |
+-------+----------------------------+--------------+----------+--------+----------+---------+-------------+---------------+--------------+----------+----------+-----------------------------+---------+----------+----------------------------+-----------------+------------------+------------------+----------+-----------+------------+----------+------------+------------+-------------+-----------+----------+--------------+---------------+------------+--------+------+
| 16    | bool                       | 11           | 10       | 1      | true     | b       | B           | true          | true         | ,        | 0        | -                           | 0       | 1000     | boolin                     | boolout         | boolrecv         | boolsend         | NULL     | NULL      | NULL       | c        | p          | false      | 0           | -1        | NULL     | NULL         | NULL          | NULL       | NULL   | 1    |
| 17    | bytea                      | 11           | 10       | -1     | false    | b       | U           | false         | true         | ,        | 0        | -                           | 0       | 1001     | byteain                    | byteaout        | bytearecv        | byteasend        | NULL     | NULL      | NULL       | i        | x          | false      | 0           | -1        | NULL     | NULL         | NULL          | NULL       | NULL   | 1    |
| 19    | name                       | 11           | 10       | 64     | false    | b       | S           | false         | true         | ,        | 0        | raw_array_subscript_handler | 0       | 1003     | namein                     | nameout         | namerecv         | namesend         | NULL     | NULL      | NULL       | c        | p          | false      | 0           | -1        | NULL     | NULL         | NULL          | NULL       | NULL   | 1    |
| 20    | int8                       | 11           | 10       | 8      | true     | b       | N           | false         | true         | ,        | 0        | -                           | 0       | 1016     | int8in                     | int8out         | int8recv         | int8send         | NULL     | NULL      | NULL       | d        | p          | false      | 0           | -1        | NULL     | NULL         | NULL          | NULL       | NULL   | 1    |
| 21    | int2                       | 11           | 10       | 2      | true     | b       | N           | false         | true         | ,        | 0        | -                           | 0       | 1005     | int2in                     | int2out         | int2recv         | int2send         | NULL     | NULL      | NULL       | s        | p          | false      | 0           | -1        | NULL     | NULL         | NULL          | NULL       | NULL   | 1    |
| 23    | int4                       | 11           | 10       | 4      | true     | b       | N           | false         | true         | ,        | 0        | -                           | 0       | 1007     | int4in                     | int4out         | int4recv         | int4send         | NULL     | NULL      | NULL       | i        | p          | false      | 0           | -1        | NULL     | NULL         | NULL          | NULL       | NULL   | 1    |
| 25    | text                       | 11           | 10       | -1     | false    | b       | S           | true          | true         | ,        | 0        | -                           | 0       | 1009     | textin                     | textout         | textrecv         | textsend         | NULL     | NULL      | NULL       | i        | x          | false      | 0           | -1        | NULL     | NULL         | NULL          | NULL       | NULL   | 1    |
| 26    | oid                        | 11           | 10       | 4      | true     | b       | N           | true          | true         | ,        | 0        | -                           | 0       | 1028     | oidin                      | oidout          | oidrecv          | oidsend          | NULL     | NULL      | NULL       | i        | p          | false      | 0           | -1        | NULL     | NULL         | NULL          | NULL       | NULL   | 1    |
| 27    | tid                        | 11           | 10       | 6      | false    | b       | U           | false         | true         | ,        | 0        | -                           | 0       | 1010     | tidin                      | tidout          | tidrecv          | tidsend          | NULL     | NULL      | NULL       | s        | p          | false      | 0           | -1        | NULL     | NULL         | NULL          | NULL       | NULL   | 1    |
| 83    | pg_class                   | 11           | 10       | -1     | false    | c       | C           | false         | true         | ,        | 1259     | -                           | 0       | 273      | record_in                  | record_out      | record_recv      | record_send      | NULL     | NULL      | NULL       | d        | x          | false      | 0           | -1        | NULL     | NULL         | NULL          | NULL       | NULL   | 1    |
| 273   | _pg_class                  | 11           | 10       | -1     | false    | b       | A           | false         | true         | ,        | 0        | array_subscript_handler     | 83      | 0        | _pg_classin                | array_out       | array_recv       | array_send       | NULL     | NULL      | NULL       | d        | x          | false      | 0           | -1        | NULL     | NULL         | NULL          | NULL       | NULL   | 1    |
| 700   | float4                     | 11           | 10       | 4      | true     | b       | N           | false         | true         | ,        | 0        | -                           | 0       | 1021     | float4in                   | float4out       | float4recv       | float4send       | NULL     | NULL      | NULL       | i        | p          | false      | 0           | -1        | NULL     | NULL         | NULL          | NULL       | NULL   | 1    |
| 701   | float8                     | 11           | 10       | 8      | true     | b       | N           | true          | true         | ,        | 0        | -                           | 0       | 1022     | float8in                   | float8out       | float8recv       | float8send       | NULL     | NULL      | NULL       | d        | p          | false      | 0           | -1        | NULL     | NULL         | NULL          | NULL       | NULL   | 1    |
| 790   | money                      | 11           | 10       | 8      | true     | b       | N           | false         | true         | ,        | 0        | -                           | 0       | 791      | cash_in                    | cash_out        | cash_recv        | cash_send        | NULL     | NULL      | NULL       | d        | p          | false      | 0           | -1        | NULL     | NULL         | NULL          | NULL       | NULL   | 1    |
| 791   | _money                     | 11           | 10       | -1     | false    | b       | A           | false         | true         | ,        | 0        | array_subscript_handler     | 790     | 0        | _moneyin                   | array_out       | array_recv       | array_send       | NULL     | NULL      | NULL       | d        | x          | false      | 0           | -1        | NULL     | NULL         | NULL          | NULL       | NULL   | 1    |
| 869   | inet                       | 11           | 10       | -1     | false    | b       | I           | true          | true         | ,        | 0        | -                           | 0       | 1041     | inetin                     | inetout         | inet_recv        | inetsend         | NULL     | NULL      | NULL       | i        | m          | false      | 0           | -1        | NULL     | NULL         | NULL          | NULL       | NULL   | 1    |
| 1000  | _bool                      | 11           | 10       | -1     | false    | b       | A           | false         | true         | ,        | 0        | array_subscript_handler     | 16      | 0        | array_in                   | array_out       | array_recv       | array_send       | NULL     | NULL      | NULL       | i        | x          | false      | 0           | -1        | NULL     | NULL         | NULL          | NULL       | NULL   | 1    |
| 1001  | _bytea                     | 11           | 10       | -1     | false    | b       | A           | false         | true         | ,        | 0        | array_subscript_handler     | 17      | 0        | array_in                   | array_out       | array_recv       | array_send       | NULL     | NULL      | NULL       | i        | x          | false      | 0           | -1        | NULL     | NULL         | NULL          | NULL       | NULL   | 1    |
| 1003  | _name                      | 11           | 10       | -1     | false    | b       | A           | false         | true         | ,        | 0        | array_subscript_handler     | 19      | 0        | _namein                    | array_out       | array_recv       | array_send       | NULL     | NULL      | NULL       | i        | x          | false      | 0           | -1        | NULL     | NULL         | NULL          | NULL       | NULL   | 1    |
| 1005  | _int2                      | 11           | 10       | -1     | false    | b       | A           | false         | true         | ,        | 0        | array_subscript_handler     | 21      | 0        | array_in                   | array_out       | array_recv       | array_send       | NULL     | NULL      | NULL       | i        | x          | false      | 0           | -1        | NULL     | NULL         | NULL          | NULL       | NULL   | 1    |
| 1007  | _int4                      | 11           | 10       | -1     | false    | b       | A           | false         | true         | ,        | 0        | array_subscript_handler     | 23      | 0        | array_in                   | array_out       | array_recv       | array_send       | NULL     | NULL      | NULL       | i        | x          | false      | 0           | -1        | NULL     | NULL         | NULL          | NULL       | NULL   | 1    |
| 1009  | _text                      | 11           | 10       | -1     | false    | b       | A           | false         | true         | ,        | 0        | array_subscript_handler     | 25      | 0        | array_in                   | array_out       | array_recv       | array_send       | NULL     | NULL      | NULL       | i        | x          | false      | 0           | -1        | NULL     | NULL         | NULL          | NULL       | NULL   | 1    |
| 1010  | _tid                       | 11           | 10       | -1     | false    | b       | A           | false         | true         | ,        | 0        | array_subscript_handler     | 27      | 0        | _tidin                     | array_out       | array_recv       | array_send       | NULL     | NULL      | NULL       | i        | x          | false      | 0           | -1        | NULL     | NULL         | NULL          | NULL       | NULL   | 1    |
| 1014  | _bpchar                    | 11           | 10       | -1     | false    | b       | A           | false         | true         | ,        | 0        | array_subscript_handler     | 1042    | 0        | _bpcharin                  | array_out       | array_recv       | array_send       | NULL     | NULL      | NULL       | i        | x          | false      | 0           | -1        | NULL     | NULL         | NULL          | NULL       | NULL   | 1    |
| 1015  | _varchar                   | 11           | 10       | -1     | false    | b       | A           | false         | true         | ,        | 0        | array_subscript_handler     | 1043    | 0        | _varcharin                 | array_out       | array_recv       | array_send       | NULL     | NULL      | NULL       | i        | x          | false      | 0           | -1        | NULL     | NULL         | NULL          | NULL       | NULL   | 1    |
| 1016  | _int8                      | 11           | 10       | -1     | false    | b       | A           | false         | true         | ,        | 0        | array_subscript_handler     | 20      | 0        | array_in                   | array_out       | array_recv       | array_send       | NULL     | NULL      | NULL       | d        | x          | false      | 0           | -1        | NULL     | NULL         | NULL          | NULL       | NULL   | 1    |
| 1021  | _float4                    | 11           | 10       | -1     | false    | b       | A           | false         | true         | ,        | 0        | array_subscript_handler     | 700     | 0        | array_in                   | array_out       | array_recv       | array_send       | NULL     | NULL      | NULL       | i        | x          | false      | 0           | -1        | NULL     | NULL         | NULL          | NULL       | NULL   | 1    |
| 1022  | _float8                    | 11           | 10       | -1     | false    | b       | A           | false         | true         | ,        | 0        | array_subscript_handler     | 701     | 0        | array_in                   | array_out       | array_recv       | array_send       | NULL     | NULL      | NULL       | d        | x          | false      | 0           | -1        | NULL     | NULL         | NULL          | NULL       | NULL   | 1    |
| 1028  | _oid                       | 11           | 10       | -1     | false    | b       | A           | false         | true         | ,        | 0        | array_subscript_handler     | 26      | 0        | _oidin                     | array_out       | array_recv       | array_send       | NULL     | NULL      | NULL       | i        | x          | false      | 0           | -1        | NULL     | NULL         | NULL          | NULL       | NULL   | 1    |
| 1033  | aclitem                    | 11           | 10       | 12     | false    | b       | U           | false         | true         | ,        | 0        | -                           | 0       | 1034     | aclitemin                  | aclitemout      | -                | -                | NULL     | NULL      | NULL       | i        | p          | false      | 0           | -1        | NULL     | NULL         | NULL          | NULL       | NULL   | 1    |
| 1034  | _aclitem                   | 11           | 10       | -1     | false    | b       | A           | false         | true         | ,        | 0        | array_subscript_handler     | 1033    | 0        | _aclitemin                 | array_out       | array_recv       | array_send       | NULL     | NULL      | NULL       | i        | x          | false      | 0           | -1        | NULL     | NULL         | NULL          | NULL       | NULL   | 1    |
| 1041  | _inet                      | 11           | 10       | -1     | false    | b       | A           | false         | true         | ,        | 0        | array_subscript_handler     | 869     | 0        | _inetin                    | array_out       | array_recv       | array_send       | NULL     | NULL      | NULL       | i        | x          | false      | 0           | -1        | NULL     | NULL         | NULL          | NULL       | NULL   | 1    |
| 1042  | bpchar                     | 11           | 10       | -1     | false    | b       | S           | false         | true         | ,        | 0        | -                           | 0       | 1014     | bpcharin                   | bpcharout       | bpcharrecv       | bpcharsend       | NULL     | NULL      | NULL       | i        | x          | false      | 0           | -1        | NULL     | NULL         | NULL          | NULL       | NULL   | 1    |
| 1043  | varchar                    | 11           | 10       | -1     | false    | b       | S           | false         | true         | ,        | 0        | -                           | 0       | 1015     | varcharin                  | varcharout      | varcharrecv      | varcharsend      | NULL     | NULL      | NULL       | i        | x          | false      | 0           | -1        | NULL     | NULL         | NULL          | NULL       | NULL   | 1    |
| 1082  | date                       | 11           | 10       | 4      | true     | b       | D           | false         | true         | ,        | 0        | -                           | 0       | 1182     | date_in                    | date_out        | date_recv        | date_send        | NULL     | NULL      | NULL       | i        | p          | false      | 0           | -1        | NULL     | NULL         | NULL          | NULL       | NULL   | 1    |
| 1083  | time                       | 11           | 10       | 8      | true     | b       | D           | false         | true         | ,        | 0        | -                           | 0       | 1183     | time_in                    | time_out        | time_recv        | time_send        | NULL     | NULL      | NULL       | d        | p          | false      | 0           | -1        | NULL     | NULL         | NULL          | NULL       | NULL   | 1    |
| 1114  | timestamp                  | 11           | 10       | 8      | true     | b       | D           | false         | true         | ,        | 0        | -                           | 0       | 1115     | timestamp_in               | timestamp_out   | timestamp_recv   | timestamp_send   | NULL     | NULL      | NULL       | d        | p          | false      | 0           | -1        | NULL     | NULL         | NULL          | NULL       | NULL   | 1    |
| 1115  | _timestamp                 | 11           | 10       | -1     | false    | b       | A           | false         | true         | ,        | 0        | array_subscript_handler     | 1114    | 0        | _timestampin               | array_out       | array_recv       | array_send       | NULL     | NULL      | NULL       | d        | x          | false      | 0           | -1        | NULL     | NULL         | NULL          | NULL       | NULL   | 1    |
| 1182  | _date                      | 11           | 10       | -1     | false    | b       | A           | false         | true         | ,        | 0        | array_subscript_handler     | 1082    | 0        | _datein                    | array_out       | array_recv       | array_send       | NULL     | NULL      | NULL       | i        | x          | false      | 0           | -1        | NULL     | NULL         | NULL          | NULL       | NULL   | 1    |
| 1183  | _time                      | 11           | 10       | -1     | false    | b       | A           | false         | true         | ,        | 0        | array_subscript_handler     | 1083    | 0        | _timein                    | array_out       | array_recv       | array_send       | NULL     | NULL      | NULL       | d        | x          | false      | 0           | -1        | NULL     | NULL         | NULL          | NULL       | NULL   | 1    |
| 1184  | timestamptz                | 11           | 10       | 8      | true     | b       | D           | true          | true         | ,        | 0        | -                           | 0       | 1185     | timestamptz_in             | timestamptz_out | timestamptz_recv | timestamptz_send | NULL     | NULL      | NULL       | d        | p          | false      | 0           | -1        | NULL     | NULL         | NULL          | NULL       | NULL   | 1    |
| 1185  | _timestamptz               | 11           | 10       | -1     | false    | b       | A           | false         | true         | ,        | 0        | array_subscript_handler     | 1184    | 0        | _timestamptzin             | array_out       | array_recv       | array_send       | NULL     | NULL      | NULL       | d        | x          | false      | 0           | -1        | NULL     | NULL         | NULL          | NULL       | NULL   | 1    |
| 1186  | interval                   | 11           | 10       | 16     | false    | b       | T           | true          | true         | ,        | 0        | -                           | 0       | 1187     | intervalin                 | intervalout     | interval_recv    | intervalsend     | NULL     | NULL      | NULL       | d        | p          | false      | 0           | -1        | NULL     | NULL         | NULL          | NULL       | NULL   | 1    |
| 1187  | _interval                  | 11           | 10       | -1     | false    | b       | A           | false         | true         | ,        | 0        | array_subscript_handler     | 1186    | 0        | _intervalin                | array_out       | array_recv       | array_send       | NULL     | NULL      | NULL       | d        | x          | false      | 0           | -1        | NULL     | NULL         | NULL          | NULL       | NULL   | 1    |
| 1231  | _numeric                   | 11           | 10       | -1     | false    | b       | A           | false         | true         | ,        | 0        | array_subscript_handler     | 1700    | 0        | _numericin                 | array_out       | array_recv       | array_send       | NULL     | NULL      | NULL       | i        | x          | false      | 0           | -1        | NULL     | NULL         | NULL          | NULL       | NULL   | 1    |
| 1266  | timetz                     | 11           | 10       | 12     | false    | b       | D           | false         | true         | ,        | 0        | -                           | 0       | 1270     | timetz_in                  | timetz_out      | timetz_recv      | timetz_send      | NULL     | NULL      | NULL       | d        | p          | false      | 0           | -1        | NULL     | NULL         | NULL          | NULL       | NULL   | 1    |
| 1270  | _timetz                    | 11           | 10       | -1     | false    | b       | A           | false         | true         | ,        | 0        | array_subscript_handler     | 1266    | 0        | _timetzin                  | array_out       | array_recv       | array_send       | NULL     | NULL      | NULL       | d        | x          | false      | 0           | -1        | NULL     | NULL         | NULL          | NULL       | NULL   | 1    |
| 1700  | numeric                    | 11           | 10       | -1     | false    | b       | N           | false         | true         | ,        | 0        | -                           | 0       | 1231     | numericin                  | numericout      | numeric_recv     | numericsend      | NULL     | NULL      | NULL       | i        | m          | false      | 0           | -1        | NULL     | NULL         | NULL          | NULL       | NULL   | 1    |
| 2249  | record                     | 11           | 10       | -1     | false    | p       | P           | false         | true         | ,        | 0        | -                           | 0       | 2287     | recordin                   | record_out      | record_recv      | record_send      | NULL     | NULL      | NULL       | d        | x          | false      | 0           | -1        | NULL     | NULL         | NULL          | NULL       | NULL   | 1    |
| 2277  | anyarray                   | 11           | 10       | -1     | false    | p       | P           | false         | true         | ,        | 0        | -                           | 0       | 0        | anyarrayin                 | anyarray_out    | anyarray_recv    | anyarray_send    | NULL     | NULL      | NULL       | d        | x          | false      | 0           | -1        | NULL     | NULL         | NULL          | NULL       | NULL   | 1    |
| 2283  | anyelement                 | 11           | 10       | 4      | true     | p       | P           | false         | true         | ,        | 0        | -                           | 0       | 0        | anyelementin               | -               | -                | -                | NULL     | NULL      | NULL       | i        | p          | false      | 0           | -1        | NULL     | NULL         | NULL          | NULL       | NULL   | 1    |
| 2287  | _record                    | 11           | 10       | -1     | false    | p       | P           | false         | true         | ,        | 0        | array_subscript_handler     | 2249    | 0        | _recordin                  | array_out       | array_recv       | array_send       | NULL     | NULL      | NULL       | d        | x          | false      | 0           | -1        | NULL     | NULL         | NULL          | NULL       | NULL   | 1    |
| 3220  | pg_lsn                     | 11           | 10       | 8      | true     | b       | U           | false         | true         | ,        | 0        | -                           | 0       | 3221     | pg_lsnin                   | pg_lsnout       | pg_lsn_recv      | pg_lsnsend       | NULL     | NULL      | NULL       | d        | p          | false      | 0           | -1        | NULL     | NULL         | NULL          | NULL       | NULL   | 1    |
| 3221  | _pg_lsn                    | 11           | 10       | -1     | false    | b       | A           | false         | true         | ,        | 0        | array_subscript_handler     | 3220    | 0        | _pg_lsnin                  | array_out       | array_recv       | array_send       | NULL     | NULL      | NULL       | d        | x          | false      | 0           | -1        | NULL     | NULL         | NULL          | NULL       | NULL   | 1    |
| 3500  | anyenum                    | 11           | 10       | 4      | true     | p       | P           | false         | true         | ,        | 0        | -                           | 0       | 0        | anyenumin                  | -               | -                | -                | NULL     | NULL      | NULL       | i        | p          | false      | 0           | -1        | NULL     | NULL         | NULL          | NULL       | NULL   | 1    |
| 3831  | anyrange                   | 11           | 10       | -1     | false    | p       | P           | false         | true         | ,        | 0        | -                           | 0       | 0        | anyrangein                 | range_out       | -                | range_send       | NULL     | NULL      | NULL       | d        | x          | false      | 0           | -1        | NULL     | NULL         | NULL          | NULL       | NULL   | 1    |
| 3904  | int4range                  | 11           | 10       | -1     | false    | r       | R           | false         | true         | ,        | 0        | -                           | 0       | 3905     | int4rangein                | range_out       | range_recv       | range_send       | NULL     | NULL      | NULL       | i        | x          | false      | 0           | -1        | NULL     | NULL         | NULL          | NULL       | NULL   | 1    |
| 3905  | _int4range                 | 11           | 10       | -1     | false    | b       | A           | false         | true         | ,        | 0        | array_subscript_handler     | 3904    | 0        | _int4rangein               | array_out       | array_recv       | array_send       | NULL     | NULL      | NULL       | i        | x          | false      | 0           | -1        | NULL     | NULL         | NULL          | NULL       | NULL   | 1    |
| 3906  | numrange                   | 11           | 10       | -1     | false    | r       | R           | false         | true         | ,        | 0        | -                           | 0       | 3907     | numrangein                 | range_out       | range_recv       | range_send       | NULL     | NULL      | NULL       | i        | x          | false      | 0           | -1        | NULL     | NULL         | NULL          | NULL       | NULL   | 1    |
| 3907  | _numrange                  | 11           | 10       | -1     | false    | b       | A           | false         | true         | ,        | 0        | array_subscript_handler     | 3906    | 0        | _numrangein                | array_out       | array_recv       | array_send       | NULL     | NULL      | NULL       | i        | x          | false      | 0           | -1        | NULL     | NULL         | NULL          | NULL       | NULL   | 1    |
| 3908  | tsrange                    | 11           | 10       | -1     | false    | r       | R           | false         | true         | ,        | 0        | -                           | 0       | 3909     | tsrangein                  | range_out       | range_recv       | range_send       | NULL     | NULL      | NULL       | d        | x          | false      | 0           | -1        | NULL     | NULL         | NULL          | NULL       | NULL   | 1    |
| 3909  | _tsrange                   | 11           | 10       | -1     | false    | b       | A           | false         | true         | ,        | 0        | array_subscript_handler     | 3908    | 0        | _tsrangein                 | array_out       | array_recv       | array_send       | NULL     | NULL      | NULL       | d        | x          | false      | 0           | -1        | NULL     | NULL         | NULL          | NULL       | NULL   | 1    |
| 3910  | tstzrange                  | 11           | 10       | -1     | false    | r       | R           | false         | true         | ,        | 0        | -                           | 0       | 3911     | tstzrangein                | range_out       | range_recv       | range_send       | NULL     | NULL      | NULL       | d        | x          | false      | 0           | -1        | NULL     | NULL         | NULL          | NULL       | NULL   | 1    |
| 3911  | _tstzrange                 | 11           | 10       | -1     | false    | b       | A           | false         | true         | ,        | 0        | array_subscript_handler     | 3910    | 0        | _tstzrangein               | array_out       | array_recv       | array_send       | NULL     | NULL      | NULL       | d        | x          | false      | 0           | -1        | NULL     | NULL         | NULL          | NULL       | NULL   | 1    |
| 3912  | daterange                  | 11           | 10       | -1     | false    | r       | R           | false         | true         | ,        | 0        | -                           | 0       | 3913     | daterangein                | range_out       | range_recv       | range_send       | NULL     | NULL      | NULL       | i        | x          | false      | 0           | -1        | NULL     | NULL         | NULL          | NULL       | NULL   | 1    |
| 3913  | _daterange                 | 11           | 10       | -1     | false    | b       | A           | false         | true         | ,        | 0        | array_subscript_handler     | 3912    | 0        | _daterangein               | array_out       | array_recv       | array_send       | NULL     | NULL      | NULL       | i        | x          | false      | 0           | -1        | NULL     | NULL         | NULL          | NULL       | NULL   | 1    |
| 3926  | int8range                  | 11           | 10       | -1     | false    | r       | R           | false         | true         | ,        | 0        | -                           | 0       | 3927     | int8rangein                | range_out       | range_recv       | range_send       | NULL     | NULL      | NULL       | d        | x          | false      | 0           | -1        | NULL     | NULL         | NULL          | NULL       | NULL   | 1    |
| 3927  | _int8range                 | 11           | 10       | -1     | false    | b       | A           | false         | true         | ,        | 0        | array_subscript_handler     | 3926    | 0        | _int8rangein               | array_out       | array_recv       | array_send       | NULL     | NULL      | NULL       | d        | x          | false      | 0           | -1        | NULL     | NULL         | NULL          | NULL       | NULL   | 1    |
| 4451  | int4multirange             | 11           | 10       | -1     | false    | r       | R           | false         | true         | ,        | 0        | -                           | 0       | 6150     | multirange_in              | multirange_out  | multirange_recv  | multirange_send  | NULL     | NULL      | NULL       | i        | x          | false      | 0           | -1        | NULL     | NULL         | NULL          | NULL       | NULL   | 1    |
| 4532  | nummultirange              | 11           | 10       | -1     | false    | m       | R           | false         | true         | ,        | 0        | -                           | 0       | 6151     | multirange_in              | multirange_out  | multirange_recv  | multirange_send  | NULL     | NULL      | NULL       | i        | x          | false      | 0           | -1        | NULL     | NULL         | NULL          | NULL       | NULL   | 1    |
| 4533  | tsmultirange               | 11           | 10       | -1     | false    | m       | R           | false         | true         | ,        | 0        | -                           | 0       | 6152     | multirange_in              | multirange_out  | multirange_recv  | multirange_send  | NULL     | NULL      | NULL       | d        | x          | false      | 0           | -1        | NULL     | NULL         | NULL          | NULL       | NULL   | 1    |
| 4535  | datemultirange             | 11           | 10       | -1     | false    | m       | R           | false         | true         | ,        | 0        | -                           | 0       | 6155     | multirange_in              | multirange_out  | multirange_recv  | multirange_send  | NULL     | NULL      | NULL       | i        | x          | false      | 0           | -1        | NULL     | NULL         | NULL          | NULL       | NULL   | 1    |
| 4536  | int8multirange             | 11           | 10       | -1     | false    | m       | R           | false         | true         | ,        | 0        | -                           | 0       | 6157     | multirange_in              | multirange_out  | multirange_recv  | multirange_send  | NULL     | NULL      | NULL       | d        | x          | false      | 0           | -1        | NULL     | NULL         | NULL          | NULL       | NULL   | 1    |
| 6150  | _int4multirange            | 11           | 10       | -1     | false    | b       | A           | false         | true         | ,        | 0        | array_subscript_handler     | 4451    | 0        | _int4multirangein          | array_out       | array_recv       | array_send       | NULL     | NULL      | NULL       | i        | x          | false      | 0           | -1        | NULL     | NULL         | NULL          | NULL       | NULL   | 1    |
| 6151  | _nummultirange             | 11           | 10       | -1     | false    | b       | A           | false         | true         | ,        | 0        | array_subscript_handler     | 4532    | 0        | _nummultirangein           | array_out       | array_recv       | array_send       | NULL     | NULL      | NULL       | i        | x          | false      | 0           | -1        | NULL     | NULL         | NULL          | NULL       | NULL   | 1    |
| 6152  | _tsmultirange              | 11           | 10       | -1     | false    | b       | A           | false         | true         | ,        | 0        | array_subscript_handler     | 4533    | 0        | _tsmultirangein            | array_out       | array_recv       | array_send       | NULL     | NULL      | NULL       | d        | x          | false      | 0           | -1        | NULL     | NULL         | NULL          | NULL       | NULL   | 1    |
| 6155  | _datemultirange            | 11           | 10       | -1     | false    | b       | A           | false         | true         | ,        | 0        | array_subscript_handler     | 4535    | 0        | _datemultirangein          | array_out       | array_recv       | array_send       | NULL     | NULL      | NULL       | i        | x          | false      | 0           | -1        | NULL     | NULL         | NULL          | NULL       | NULL   | 1    |
| 6157  | _int8multirange            | 11           | 10       | -1     | false    | b       | A           | false         | true         | ,        | 0        | array_subscript_handler     | 4536    | 0        | _int8multirangein          | array_out       | array_recv       | array_send       | NULL     | NULL      | NULL       | d        | x          | false      | 0           | -1        | NULL     | NULL         | NULL          | NULL       | NULL   | 1    |
| 10014 | _pg_am                     | 11           | 10       | -1     | false    | b       | A           | false         | true         | ,        | 0        | array_subscript_handler     | 10015   | 0        | _pg_amin                   | array_out       | array_recv       | array_send       | NULL     | NULL      | NULL       | d        | x          | false      | 0           | -1        | NULL     | NULL         | NULL          | NULL       | NULL   | 1    |
| 10015 | pg_am                      | 11           | 10       | -1     | false    | c       | C           | false         | true         | ,        | 2601     | -                           | 0       | 10014    | pg_amin                    | record_out      | record_recv      | record_send      | NULL     | NULL      | NULL       | d        | x          | false      | 0           | -1        | NULL     | NULL         | NULL          | NULL       | NULL   | 1    |
| 10020 | _pg_language               | 11           | 10       | -1     | false    | b       | A           | false         | true         | ,        | 0        | array_subscript_handler     | 10021   | 0        | _pg_languagein             | array_out       | array_recv       | array_send       | NULL     | NULL      | NULL       | d        | x          | false      | 0           | -1        | NULL     | NULL         | NULL          | NULL       | NULL   | 1    |
| 10021 | pg_language                | 11           | 10       | -1     | false    | c       | C           | false         | true         | ,        | 2612     | -                           | 0       | 10020    | pg_languagein              | record_out      | record_recv      | record_send      | NULL     | NULL      | NULL       | d        | x          | false      | 0           | -1        | NULL     | NULL         | NULL          | NULL       | NULL   | 1    |
| 10038 | _pg_event_trigger          | 11           | 10       | -1     | false    | b       | A           | false         | true         | ,        | 0        | array_subscript_handler     | 10039   | 0        | _pg_event_triggerin        | array_out       | array_recv       | array_send       | NULL     | NULL      | NULL       | d        | x          | false      | 0           | -1        | NULL     | NULL         | NULL          | NULL       | NULL   | 1    |
| 10039 | pg_event_trigger           | 11           | 10       | -1     | false    | c       | C           | false         | true         | ,        | 3466     | -                           | 0       | 10038    | pg_event_triggerin         | record_out      | record_recv      | record_send      | NULL     | NULL      | NULL       | d        | x          | false      | 0           | -1        | NULL     | NULL         | NULL          | NULL       | NULL   | 1    |
| 10042 | _pg_cast                   | 11           | 10       | -1     | false    | b       | A           | false         | true         | ,        | 0        | array_subscript_handler     | 10043   | 0        | _pg_castin                 | array_out       | array_recv       | array_send       | NULL     | NULL      | NULL       | d        | x          | false      | 0           | -1        | NULL     | NULL         | NULL          | NULL       | NULL   | 1    |
| 10043 | pg_cast                    | 11           | 10       | -1     | false    | c       | C           | false         | true         | ,        | 2605     | -                           | 0       | 10042    | pg_castin                  | record_out      | record_recv      | record_send      | NULL     | NULL      | NULL       | d        | x          | false      | 0           | -1        | NULL     | NULL         | NULL          | NULL       | NULL   | 1    |
| 10073 | _pg_extension              | 11           | 10       | -1     | false    | b       | A           | false         | true         | ,        | 0        | array_subscript_handler     | 10074   | 0        | _pg_extensionin            | array_out       | array_recv       | array_send       | NULL     | NULL      | NULL       | d        | x          | false      | 0           | -1        | NULL     | NULL         | NULL          | NULL       | NULL   | 1    |
| 10074 | pg_extension               | 11           | 10       | -1     | false    | c       | C           | false         | true         | ,        | 3079     | -                           | 0       | 10073    | pg_extensionin             | record_out      | record_recv      | record_send      | NULL     | NULL      | NULL       | d        | x          | false      | 0           | -1        | NULL     | NULL         | NULL          | NULL       | NULL   | 1    |
| 10075 | _pg_foreign_data_wrapper   | 11           | 10       | -1     | false    | b       | A           | false         | true         | ,        | 0        | array_subscript_handler     | 10076   | 0        | _pg_foreign_data_wrapperin | array_out       | array_recv       | array_send       | NULL     | NULL      | NULL       | d        | x          | false      | 0           | -1        | NULL     | NULL         | NULL          | NULL       | NULL   | 1    |
| 10076 | pg_foreign_data_wrapper    | 11           | 10       | -1     | false    | c       | C           | false         | true         | ,        | 2328     | -                           | 0       | 10075    | pg_foreign_data_wrapperin  | record_out      | record_recv      | record_send      | NULL     | NULL      | NULL       | d        | x          | false      | 0           | -1        | NULL     | NULL         | NULL          | NULL       | NULL   | 1    |
| 10077 | _pg_foreign_server         | 11           | 10       | -1     | false    | b       | A           | false         | true         | ,        | 0        | array_subscript_handler     | 10078   | 0        | _pg_foreign_serverin       | array_out       | array_recv       | array_send       | NULL     | NULL      | NULL       | d        | x          | false      | 0           | -1        | NULL     | NULL         | NULL          | NULL       | NULL   | 1    |
| 10078 | pg_foreign_server          | 11           | 10       | -1     | false    | c       | C           | false         | true         | ,        | 1417     | -                           | 0       | 10077    | pg_foreign_serverin        | record_out      | record_recv      | record_send      | NULL     | NULL      | NULL       | d        | x          | false      | 0           | -1        | NULL     | NULL         | NULL          | NULL       | NULL   | 1    |
| 12002 | _pg_constraint             | 11           | 10       | -1     | false    | b       | A           | false         | true         | ,        | 0        | array_subscript_handler     | 12003   | 0        | _pg_constraintin           | array_out       | array_recv       | array_send       | NULL     | NULL      | NULL       | d        | x          | false      | 0           | -1        | NULL     | NULL         | NULL          | NULL       | NULL   | 1    |
| 12003 | pg_constraint              | 11           | 10       | -1     | false    | c       | C           | false         | true         | ,        | 2606     | -                           | 0       | 12002    | pg_constraintin            | record_out      | record_recv      | record_send      | NULL     | NULL      | NULL       | d        | x          | false      | 0           | -1        | NULL     | NULL         | NULL          | NULL       | NULL   | 1    |
| 12046 | _pg_namespace              | 11           | 10       | -1     | false    | b       | A           | false         | true         | ,        | 0        | array_subscript_handler     | 12047   | 0        | _pg_namespacein            | array_out       | array_recv       | array_send       | NULL     | NULL      | NULL       | d        | x          | false      | 0           | -1        | NULL     | NULL         | NULL          | NULL       | NULL   | 1    |
| 12047 | pg_namespace               | 11           | 10       | -1     | false    | c       | C           | false         | true         | ,        | 2615     | -                           | 0       | 12046    | record_in                  | record_out      | record_recv      | record_send      | NULL     | NULL      | NULL       | d        | x          | false      | 0           | -1        | NULL     | NULL         | NULL          | NULL       | NULL   | 1    |
| 13408 | character_data             | 13000        | 10       | -1     | false    | d       | S           | false         | true         | ,        | 0        | -                           | 0       | 0        | character_datain           | domain_out      | domain_recv      | domain_send      | NULL     | NULL      | NULL       | i        | x          | false      | 1043        | -1        | NULL     | NULL         | NULL          | NULL       | NULL   | 1    |
| 13410 | sql_identifier             | 13000        | 10       | 64     | false    | d       | S           | false         | true         | ,        | 0        | -                           | 0       | 0        | sql_identifierin           | domain_out      | domain_recv      | domain_send      | NULL     | NULL      | NULL       | c        | p          | false      | 19          | -1        | NULL     | NULL         | NULL          | NULL       | NULL   | 1    |
| 18001 | KibanaSampleDataEcommerce  | 2200         | 10       | -1     | false    | c       | C           | false         | true         | ,        | 18000    | -                           | 0       | 18002    | record_in                  | record_out      | record_recv      | record_send      | NULL     | NULL      | NULL       | i        | x          | false      | 0           | -1        | NULL     | NULL         | NULL          | NULL       | NULL   | 1    |
| 18002 | _KibanaSampleDataEcommerce | 2200         | 10       | -1     | false    | b       | A           | false         | true         | ,        | 0        | array_subscript_handler     | 18001   | 0        | record_in                  | record_out      | array_recv       | record_send      | NULL     | NULL      | NULL       | d        | x          | false      | 0           | -1        | NULL     | NULL         | NULL          | NULL       | NULL   | 1    |
| 18021 | Logs                       | 2200         | 10       | -1     | false    | c       | C           | false         | true         | ,        | 18020    | -                           | 0       | 18022    | record_in                  | record_out      | record_recv      | record_send      | NULL     | NULL      | NULL       | i        | x          | false      | 0           | -1        | NULL     | NULL         | NULL          | NULL       | NULL   | 1    |
| 18022 | _Logs                      | 2200         | 10       | -1     | false    | b       | A           | false         | true         | ,        | 0        | array_subscript_handler     | 18021   | 0        | record_in                  | record_out      | array_recv       | record_send      | NULL     | NULL      | NULL       | d        | x          | false      | 0           | -1        | NULL     | NULL         | NULL          | NULL       | NULL   | 1    |
| 18031 | NumberCube                 | 2200         | 10       | -1     | false    | c       | C           | false         | true         | ,        | 18030    | -                           | 0       | 18032    | record_in                  | record_out      | record_recv      | record_send      | NULL     | NULL      | NULL       | i        | x          | false      | 0           | -1        | NULL     | NULL         | NULL          | NULL       | NULL   | 1    |
| 18032 | _NumberCube                | 2200         | 10       | -1     | false    | b       | A           | false         | true         | ,        | 0        | array_subscript_handler     | 18031   | 0        | record_in                  | record_out      | array_recv       | record_send      | NULL     | NULL      | NULL       | d        | x          | false      | 0           | -1        | NULL     | NULL         | NULL          | NULL       | NULL   | 1    |
| 18037 | WideCube                   | 2200         | 10       | -1     | false    | c       | C           | false         | true         | ,        | 18036    | -                           | 0       | 18038    | record_in                  | record_out      | record_recv      | record_send      | NULL     | NULL      | NULL       | i        | x          | false      | 0           | -1        | NULL     | NULL         | NULL          | NULL       | NULL   | 1    |
| 18038 | _WideCube                  | 2200         | 10       | -1     | false    | b       | A           | false         | true         | ,        | 0        | array_subscript_handler     | 18037   | 0        | record_in                  | record_out      | array_recv       | record_send      | NULL     | NULL      | NULL       | d        | x          | false      | 0           | -1        | NULL     | NULL         | NULL          | NULL       | NULL   | 1    |
| 18247 | MultiTypeCube              | 2200         | 10       | -1     | false    | c       | C           | false         | true         | ,        | 18246    | -                           | 0       | 18248    | record_in                  | record_out      | record_recv      | record_send      | NULL     | NULL      | NULL       | i        | x          | false      | 0           | -1        | NULL     | NULL         | NULL          | NULL       | NULL   | 1    |
| 18248 | _MultiTypeCube             | 2200         | 10       | -1     | false    | b       | A           | false         | true         | ,        | 0        | array_subscript_handler     | 18247   | 0        | record_in                  | record_out      | array_recv       | record_send      | NULL     | NULL      | NULL       | d        | x          | false      | 0           | -1        | NULL     | NULL         | NULL          | NULL       | NULL   | 1    |
+-------+----------------------------+--------------+----------+--------+----------+---------+-------------+---------------+--------------+----------+----------+-----------------------------+---------+----------+----------------------------+-----------------+------------------+------------------+----------+-----------+------------+----------+------------+------------+-------------+-----------+----------+--------------+---------------+------------+--------+------+
