---
source: cubesql/src/compile/mod.rs
expression: "execute_query(\"SELECT * FROM stl_query ORDER BY query ASC\".to_string(),\n            DatabaseProtocol::PostgreSQL).await?"
---
+--------+-------+-------+-----+-----+----------+----------+-----------+---------+---------+-----------------+----------------------------+
| userid | query | label | xid | pid | database | querytxt | starttime | endtime | aborted | insert_pristine | concurrency_scaling_status |
+--------+-------+-------+-----+-----+----------+----------+-----------+---------+---------+-----------------+----------------------------+
+--------+-------+-------+-----+-----+----------+----------+-----------+---------+---------+-----------------+----------------------------+
