---
source: cubesql/src/compile/mod.rs
assertion_line: 9304
expression: "execute_query(\"SELECT r.a as input, regexp_substr(r.a, '@[^.]*') as result FROM (\n                    SELECT 'test@test.com' as a\n                    UNION ALL\n                    SELECT 'test'\n                ) as r\n                \".to_string(),\n            DatabaseProtocol::PostgreSQL).await?"
---
+---------------+--------+
| input         | result |
+---------------+--------+
| test@test.com | @test  |
| test          |        |
+---------------+--------+
