---
source: cubesql/src/compile/mod.rs
expression: "execute_query(\"EXPLAIN SELECT 1+1;\".to_string(),\n            DatabaseProtocol::MySQL).await?"
---
+---------------+-------------------------------------------------+
| plan_type     | plan                                            |
+---------------+-------------------------------------------------+
| logical_plan  | Projection: Int64(2) AS Int64(1) + Int64(1)     |
|               |   EmptyRelation                                 |
| physical_plan | ProjectionExec: expr=[2 as Int64(1) + Int64(1)] |
|               |   EmptyExec: produce_one_row=true               |
|               |                                                 |
+---------------+-------------------------------------------------+
