---
source: cubesql/src/compile/mod.rs
assertion_line: 4826
expression: "execute_query(\"SELECT * FROM pg_catalog.pg_type\".to_string(),\n              DatabaseProtocol::PostgreSQL).await?"

---
+-----+---------+--------------+----------+--------+----------+---------+-------------+---------------+--------------+----------+----------+--------------+---------+----------+----------+-----------+------------+---------+----------+-----------+------------+----------+------------+------------+-------------+-----------+----------+--------------+---------------+------------+--------+
| oid | typname | typnamespace | typowner | typlen | typbyval | typtype | typcategory | typisprefered | typisdefined | typdelim | typrelid | typsubscript | typelem | typarray | typinput | typoutput | typreceive | typsend | typmodin | typmodout | typanalyze | typalign | typstorage | typnotnull | typbasetype | typtypmod | typndims | typcollation | typdefaultbin | typdefault | typacl |
+-----+---------+--------------+----------+--------+----------+---------+-------------+---------------+--------------+----------+----------+--------------+---------+----------+----------+-----------+------------+---------+----------+-----------+------------+----------+------------+------------+-------------+-----------+----------+--------------+---------------+------------+--------+
| 16  | bool    | 11           | 10       | 1      | true     | b       | B           | true          | true         | NULL     | NULL     | NULL         | NULL    | NULL     | NULL     | NULL      | NULL       | NULL    | NULL     | NULL      | NULL       | NULL     | NULL       | NULL       | NULL        | NULL      | NULL     | NULL         | NULL          | NULL       | NULL   |
| 20  | int8    | 11           | 10       | 8      | true     | b       | N           | false         | true         | NULL     | NULL     | NULL         | NULL    | NULL     | NULL     | NULL      | NULL       | NULL    | NULL     | NULL      | NULL       | NULL     | NULL       | NULL       | NULL        | NULL      | NULL     | NULL         | NULL          | NULL       | NULL   |
| 21  | int2    | 11           | 10       | 2      | true     | b       | N           | false         | true         | NULL     | NULL     | NULL         | NULL    | NULL     | NULL     | NULL      | NULL       | NULL    | NULL     | NULL      | NULL       | NULL     | NULL       | NULL       | NULL        | NULL      | NULL     | NULL         | NULL          | NULL       | NULL   |
| 23  | int4    | 11           | 10       | 4      | true     | b       | N           | false         | true         | NULL     | NULL     | NULL         | NULL    | NULL     | NULL     | NULL      | NULL       | NULL    | NULL     | NULL      | NULL       | NULL     | NULL       | NULL       | NULL        | NULL      | NULL     | NULL         | NULL          | NULL       | NULL   |
| 25  | text    | 11           | 10       | -1     | true     | b       | S           | true          | true         | NULL     | NULL     | NULL         | NULL    | NULL     | NULL     | NULL      | NULL       | NULL    | NULL     | NULL      | NULL       | NULL     | NULL       | NULL       | NULL        | NULL      | NULL     | NULL         | NULL          | NULL       | NULL   |
+-----+---------+--------------+----------+--------+----------+---------+-------------+---------------+--------------+----------+----------+--------------+---------+----------+----------+-----------+------------+---------+----------+-----------+------------+----------+------------+------------+-------------+-----------+----------+--------------+---------------+------------+--------+
