---
source: cubesql/src/compile/mod.rs
expression: "execute_query(\"SELECT current_timestamp::date = current_date\".to_string(),\nDatabaseProtocol::PostgreSQL).await?"
---
+-------------------------------------------------+
| CAST(current_timestamp AS Date32) = currentdate |
+-------------------------------------------------+
| true                                            |
+-------------------------------------------------+
