---
source: cubesql/src/compile/mod.rs
expression: "execute_query(\"SELECT current_setting('max_index_keys'), current_setting('search_path')\".to_string(),\n            DatabaseProtocol::PostgreSQL).await?"
---
+-----------------------------------------+--------------------------------------+
| current_setting(Utf8("max_index_keys")) | current_setting(Utf8("search_path")) |
+-----------------------------------------+--------------------------------------+
| 32                                      | "$user", public                      |
+-----------------------------------------+--------------------------------------+
