---
source: cubesqlplanner/src/tests/integration/rolling_window/time_dimension_variations.rs
expression: result
---
orders__created_at_month | orders__rolling_sum_trailing_7d
-------------------------+--------------------------------
2024-01-01 00:00:00      | 250.00                         
2024-02-01 00:00:00      | NULL                           
2024-03-01 00:00:00      | NULL                           
2024-04-01 00:00:00      | NULL                           
2024-05-01 00:00:00      | NULL                           
2024-06-01 00:00:00      | NULL                           
2024-07-01 00:00:00      | NULL                           
2024-08-01 00:00:00      | NULL                           
2024-09-01 00:00:00      | NULL                           
2024-10-01 00:00:00      | NULL                           
2024-11-01 00:00:00      | NULL                           
2024-12-01 00:00:00      | NULL
