---
source: cubesqlplanner/cubesqlplanner/src/tests/integration/join_aliases.rs
assertion_line: 28
expression: result
---
orders__customer__city | orders__manager__city | orders__count
-----------------------+-----------------------+--------------
Berlin                 | Paris                 | 3            
Paris                  | Berlin                | 1
