---
source: cubesqlplanner/cubesqlplanner/src/tests/integration/nested_join_trees.rs
expression: result
---
funnel__country | funnel__unique_msid | funnel__checkouts_unique_msid
----------------+---------------------+------------------------------
DE              | 1                   | 0                            
US              | 2                   | 2
