---
source: cubesqlplanner/src/tests/integration/multi_fact.rs
expression: result
---
customers__name | orders__total_amount | returns__total_refund
----------------+----------------------+----------------------
Alice           | 425.00               | 100.00               
Bob             | 550.00               | 130.00               
Charlie         | NULL                 | 100.00               
Diana           | 400.00               | NULL
