---
source: cubesqlplanner/cubesqlplanner/src/tests/integration/view_members.rs
expression: result
---
orders_view__id | orders_view__masked_status_dep | orders_view__masked_total | orders_view__masked_total_const
----------------+--------------------------------+---------------------------+--------------------------------
1               | #1                             | -1.00                     | -1                             
2               | #2                             | -1.00                     | -1                             
3               | #3                             | -1.00                     | -1                             
4               | #4                             | -1.00                     | -1                             
5               | #5                             | -1.00                     | -1                             
6               | #6                             | -1.00                     | -1                             
7               | #7                             | -1.00                     | -1                             
8               | #8                             | -1.00                     | -1
