---
source: cubesqlplanner/cubesqlplanner/src/tests/integration/multi_stage/ungrouped.rs
expression: result
---
orders__category | orders__unique_customers_group_by_status
-----------------+-----------------------------------------
books            | 30                                      
clothing         | 30                                      
electronics      | 30
