---
source: cubesqlplanner/src/tests/integration/multi_stage/joins.rs
expression: result
---
orders__created_at_month | orders__amount_by_id
-------------------------+---------------------
2024-01-01 00:00:00      | 100.00              
2024-01-01 00:00:00      | 200.00              
2024-01-01 00:00:00      | 120.00              
2024-01-01 00:00:00      | 50.00               
2024-01-01 00:00:00      | 30.00
