---
source: cubesqlplanner/src/tests/integration/multi_stage/reduce_by.rs
expression: result
---
orders__status | orders__category | orders__amount_reduce_status
---------------+------------------+-----------------------------
cancelled      | books            | 880.00                      
cancelled      | clothing         | 720.00                      
cancelled      | electronics      | 650.00                      
completed      | books            | 880.00                      
completed      | clothing         | 720.00                      
completed      | electronics      | 650.00                      
pending        | books            | 880.00                      
pending        | clothing         | 720.00                      
pending        | electronics      | 650.00
