---
source: cubesqlplanner/src/tests/integration/multi_stage/granularities.rs
expression: result
---
orders__created_at_quarter | orders__total_amount | orders__amount_prev_month
---------------------------+----------------------+--------------------------
2024-01-01 00:00:00        | 2250.00              | 1250.00
