---
source: cubesqlplanner/src/tests/integration/multi_stage/bucketing.rs
expression: result
---
orders__change_type_complex | orders__created_at_year | orders__revenue | orders__revenue_year_ago
----------------------------+-------------------------+-----------------+-------------------------
Down                        | 2024-01-01 00:00:00     | 20400           | 22800                   
Down                        | 2025-01-01 00:00:00     | 17800           | 20400                   
Grow                        | 2024-01-01 00:00:00     | 11700           | 9400                    
Grow                        | 2025-01-01 00:00:00     | 14100           | 11700
