// Jest Snapshot v1, https://goo.gl/fbAQLP

exports[`FrontMatterComponent should  set correct label for globals file 1`] = `"Globals"`;

exports[`FrontMatterComponent should compile set correct label for index without a README 1`] = `"Globals"`;

exports[`FrontMatterComponent should parse a quoted string 1`] = `"xyx\\\\'s \\"quoted\\" title"`;

exports[`FrontMatterComponent should prepend YAML block to start of page 1`] = `
"---
id: \\"_access_access_\\"
title: \\"Page title\\"
sidebar_label: \\"Page title\\"
---

[CONTENT]"
`;

exports[`FrontMatterComponent should set correct label for index with a README 1`] = `"README"`;

exports[`FrontMatterComponent should set correct title for index page 1`] = `"Project name"`;

exports[`FrontMatterComponent should set correct title for index page if packageInfo label available 1`] = `"Package Label"`;

exports[`FrontMatterComponent should set correct title for pages without a navigation match 1`] = `"Project name"`;

exports[`FrontMatterComponent should set id 1`] = `"_access_access_"`;
