---
source: cubesql/e2e/tests/postgres.rs
assertion_line: 316
expression: "self.print_query_result(res, true, false).await"
---
schemaname type: 25 (text)
tablename type: 25 (text)
tableowner type: 25 (text)
tablespace type: 25 (text)
hasindexes type: 16 (bool)
hasrules type: 16 (bool)
hastriggers type: 16 (bool)
rowsecurity type: 16 (bool)
