---
source: cubesql/e2e/tests/postgres.rs
expression: "self.print_query_result(res, with_description, true).await"
---
NULL type: 25 (text)
f32 type: 700 (float4)
f64 type: 701 (float8)
i16 type: 21 (int2)
u16 type: 21 (int2)
i32 type: 23 (int4)
u32 type: 23 (int4)
i64 type: 20 (int8)
u64 type: 20 (int8)
bool_true type: 16 (bool)
bool_false type: 16 (bool)
str type: 25 (text)
d0 type: 1700 (numeric)
d2 type: 1700 (numeric)
d5 type: 1700 (numeric)
d10 type: 1700 (numeric)
date type: 1082 (date)
tsmp type: 1114 (timestamp)
interval_year_month type: 1186 (interval)
interval_day_time type: 1186 (interval)
interval_month_day_nano type: 1186 (interval)
str_arr type: 1009 (_text)
i64_arr type: 1016 (_int8)
f64_arr type: 1022 (_float8)
+------+-------+-------+-----+-----+-----+-----+-----+-----+-----------+------------+------+----+------+---------+--------------+------------+----------------------------+---------------------+-------------------+-------------------------------+-------------+---------+-------------+
| NULL | f32   | f64   | i16 | u16 | i32 | u32 | i64 | u64 | bool_true | bool_false | str  | d0 | d2   | d5      | d10          | date       | tsmp                       | interval_year_month | interval_day_time | interval_month_day_nano       | str_arr     | i64_arr | f64_arr     |
+------+-------+-------+-----+-----+-----+-----+-----+-----+-----------+------------+------+----+------+---------+--------------+------------+----------------------------+---------------------+-------------------+-------------------------------+-------------+---------+-------------+
| NULL | 1.234 | 1.234 | 1   | 1   | 1   | 1   | 1   | 1   | true      | false      | test | 1  | 1.25 | 1.25000 | 1.2500000000 | 2022-04-25 | 2022-04-25 16:25:01.164774 | 1 year 1 mons       | 01:30:00          | 1 year 1 mons 1 days 01:30:00 | test1,test2 | 1,2,3   | 1.2,2.3,3.4 |
+------+-------+-------+-----+-----+-----+-----+-----+-----+-----------+------------+------+----+------+---------+--------------+------------+----------------------------+---------------------+-------------------+-------------------------------+-------------+---------+-------------+
