---
source: cubesql/e2e/tests/postgres.rs
assertion_line: 173
expression: self.print_query_result(res).await
---
+-----------+------------+--------------+------------+----------+-------------+----------+
| bool_true | bool_false | Utf8("test") | Float64(1) | Int64(1) | str_arr     | int8_arr |
+-----------+------------+--------------+------------+----------+-------------+----------+
| true      | false      | test         | 1          | 1        | test1,test2 | 1,2,3    |
+-----------+------------+--------------+------------+----------+-------------+----------+
