---
source: cubesqlplanner/cubesqlplanner/src/tests/integration/pre_aggregations/multi_stage.rs
expression: result
---
mdd_events__happened_at_ref | mdd_events__batch_at_month | mdd_events__total | mdd_events__total_prev_month
----------------------------+----------------------------+-------------------+-----------------------------
2023-12-12 10:00:00         | 2024-01-01 00:00:00        | 1000.00           | NULL                        
2024-01-12 10:00:00         | 2024-01-01 00:00:00        | NULL              | 1000.00                     
2024-01-15 10:00:00         | 2024-02-01 00:00:00        | 2000.00           | NULL                        
2024-02-15 10:00:00         | 2024-02-01 00:00:00        | NULL              | 2000.00                     
NULL                        | 2024-02-01 00:00:00        | 500.00            | 500.00                      
2024-03-05 10:00:00         | 2024-03-01 00:00:00        | 1000.00           | NULL                        
2024-04-05 10:00:00         | 2024-03-01 00:00:00        | NULL              | 1000.00
